[DEBUG] [accountsValidator.php:33] [accountsValidator->accountsVali] メッセージ: バリデーション開始。対象データ数: 1
[DEBUG] [accountsValidator.php:103] [accountsValidator->accountsVali] メッセージ: バリデーション終了。エラー数: 0
[DEBUG] [accountsValidator.php:33] [accountsValidator->accountsVali] メッセージ: バリデーション開始。対象データ数: 1
[DEBUG] [accountsValidator.php:103] [accountsValidator->accountsVali] メッセージ: バリデーション終了。エラー数: 0
[DEBUG] [accountsValidator.php:33] [accountsValidator->accountsVali] メッセージ: バリデーション開始。対象データ数: 1
[DEBUG] [accountsValidator.php:103] [accountsValidator->accountsVali] メッセージ: バリデーション終了。エラー数: 0
[DEBUG] [accountsValidator.php:33] [accountsValidator->accountsVali] メッセージ: バリデーション開始。対象データ数: 1
[DEBUG] [accountsValidator.php:103] [accountsValidator->accountsVali] メッセージ: バリデーション終了。エラー数: 0
[DEBUG] [accountsValidator.php:33] [accountsValidator->accountsVali] メッセージ: バリデーション開始。対象データ数: 1
[DEBUG] [accountsValidator.php:103] [accountsValidator->accountsVali] メッセージ: バリデーション終了。エラー数: 0
[DEBUG] [accountsValidator.php:33] [accountsValidator->accountsVali] メッセージ: バリデーション開始。対象データ数: 1
[DEBUG] [accountsValidator.php:103] [accountsValidator->accountsVali] メッセージ: バリデーション終了。エラー数: 0
[DEBUG] [accountsValidator.php:33] [accountsValidator->accountsVali] メッセージ: バリデーション開始。対象データ数: 1
[DEBUG] [accountsValidator.php:103] [accountsValidator->accountsVali] メッセージ: バリデーション終了。エラー数: 0
[DEBUG] [accountsValidator.php:33] [accountsValidator->accountsVali] メッセージ: バリデーション開始。対象データ数: 1
[DEBUG] [accountsValidator.php:103] [accountsValidator->accountsVali] メッセージ: バリデーション終了。エラー数: 0
[DEBUG] [accountsValidator.php:33] [accountsValidator->accountsVali] メッセージ: バリデーション開始。対象データ数: 1
[DEBUG] [accountsValidator.php:103] [accountsValidator->accountsVali] メッセージ: バリデーション終了。エラー数: 0
[DEBUG] [accountsValidator.php:33] [accountsValidator->accountsVali] メッセージ: バリデーション開始。対象データ数: 1
[DEBUG] [accountsValidator.php:103] [accountsValidator->accountsVali] メッセージ: バリデーション終了。エラー数: 0
[DEBUG] [accountsValidator.php:33] [accountsValidator->accountsVali] メッセージ: バリデーション開始。対象データ数: 1
[DEBUG] [accountsValidator.php:103] [accountsValidator->accountsVali] メッセージ: バリデーション終了。エラー数: 0
[DEBUG] [accountsValidator.php:33] [accountsValidator->accountsVali] メッセージ: バリデーション開始。対象データ数: 1
[DEBUG] [accountsValidator.php:103] [accountsValidator->accountsVali] メッセージ: バリデーション終了。エラー数: 0
[DEBUG] [accountsValidator.php:33] [accountsValidator->accountsVali] メッセージ: バリデーション開始。対象データ数: 1
[DEBUG] [accountsValidator.php:103] [accountsValidator->accountsVali] メッセージ: バリデーション終了。エラー数: 0
[DEBUG] [accountsValidator.php:33] [accountsValidator->accountsVali] メッセージ: バリデーション開始。対象データ数: 1
[DEBUG] [accountsValidator.php:103] [accountsValidator->accountsVali] メッセージ: バリデーション終了。エラー数: 0
[DEBUG] [accountsValidator.php:33] [accountsValidator->accountsVali] メッセージ: バリデーション開始。対象データ数: 1
[DEBUG] [accountsValidator.php:103] [accountsValidator->accountsVali] メッセージ: バリデーション終了。エラー数: 1
[DEBUG] [accountsValidator.php:33] [accountsValidator->accountsVali] メッセージ: バリデーション開始。対象データ数: 0
[DEBUG] [accountsValidator.php:103] [accountsValidator->accountsVali] メッセージ: バリデーション終了。エラー数: 0
[DEBUG] [accountsValidator.php:33] [accountsValidator->accountsVali] メッセージ: バリデーション開始。対象データ数: 1
[DEBUG] [accountsValidator.php:103] [accountsValidator->accountsVali] メッセージ: バリデーション終了。エラー数: 1
[DEBUG] [accountsValidator.php:33] [accountsValidator->accountsVali] メッセージ: バリデーション開始。対象データ数: 1
[DEBUG] [accountsValidator.php:103] [accountsValidator->accountsVali] メッセージ: バリデーション終了。エラー数: 1
[DEBUG] [accountsValidator.php:33] [accountsValidator->accountsVali] メッセージ: バリデーション開始。対象データ数: 0
[DEBUG] [accountsValidator.php:103] [accountsValidator->accountsVali] メッセージ: バリデーション終了。エラー数: 0
[DEBUG] [accountsValidator.php:33] [accountsValidator->accountsVali] メッセージ: バリデーション開始。対象データ数: 1
[DEBUG] [accountsValidator.php:103] [accountsValidator->accountsVali] メッセージ: バリデーション終了。エラー数: 1
[DEBUG] [accountsValidator.php:33] [accountsValidator->accountsVali] メッセージ: バリデーション開始。対象データ数: 1
[DEBUG] [accountsValidator.php:103] [accountsValidator->accountsVali] メッセージ: バリデーション終了。エラー数: 1
[DEBUG] [accountsValidator.php:33] [accountsValidator->accountsVali] メッセージ: バリデーション開始。対象データ数: 1
[DEBUG] [accountsValidator.php:103] [accountsValidator->accountsVali] メッセージ: バリデーション終了。エラー数: 1
[DEBUG] [accountsValidator.php:33] [accountsValidator->accountsVali] メッセージ: バリデーション開始。対象データ数: 1
[DEBUG] [accountsValidator.php:103] [accountsValidator->accountsVali] メッセージ: バリデーション終了。エラー数: 1
[DEBUG] [accountsValidator.php:33] [accountsValidator->accountsVali] メッセージ: バリデーション開始。対象データ数: 0
[DEBUG] [accountsValidator.php:103] [accountsValidator->accountsVali] メッセージ: バリデーション終了。エラー数: 0
[DEBUG] [accountsValidator.php:33] [accountsValidator->accountsVali] メッセージ: バリデーション開始。対象データ数: 0
[DEBUG] [accountsValidator.php:103] [accountsValidator->accountsVali] メッセージ: バリデーション終了。エラー数: 0
[DEBUG] [accountsValidator.php:33] [accountsValidator->accountsVali] メッセージ: バリデーション開始。対象データ数: 1
[DEBUG] [accountsValidator.php:103] [accountsValidator->accountsVali] メッセージ: バリデーション終了。エラー数: 0
[DEBUG] [accountsValidator.php:33] [accountsValidator->accountsVali] メッセージ: バリデーション開始。対象データ数: 1
[DEBUG] [accountsValidator.php:103] [accountsValidator->accountsVali] メッセージ: バリデーション終了。エラー数: 0
[DEBUG] [accountsValidator.php:33] [accountsValidator->accountsVali] メッセージ: バリデーション開始。対象データ数: 1
[DEBUG] [accountsValidator.php:103] [accountsValidator->accountsVali] メッセージ: バリデーション終了。エラー数: 0
[DEBUG] [accountsValidator.php:33] [accountsValidator->accountsVali] メッセージ: バリデーション開始。対象データ数: 1
[DEBUG] [accountsValidator.php:103] [accountsValidator->accountsVali] メッセージ: バリデーション終了。エラー数: 0
[DEBUG] [accountsValidator.php:33] [accountsValidator->accountsVali] メッセージ: バリデーション開始。対象データ数: 1
[DEBUG] [accountsValidator.php:103] [accountsValidator->accountsVali] メッセージ: バリデーション終了。エラー数: 0
[DEBUG] [accountsValidator.php:33] [accountsValidator->accountsVali] メッセージ: バリデーション開始。対象データ数: 1
[DEBUG] [accountsValidator.php:103] [accountsValidator->accountsVali] メッセージ: バリデーション終了。エラー数: 0
[DEBUG] [accountsValidator.php:33] [accountsValidator->accountsVali] メッセージ: バリデーション開始。対象データ数: 1
[DEBUG] [accountsValidator.php:103] [accountsValidator->accountsVali] メッセージ: バリデーション終了。エラー数: 0
[DEBUG] [accountsValidator.php:33] [accountsValidator->accountsVali] メッセージ: バリデーション開始。対象データ数: 1
[DEBUG] [accountsValidator.php:103] [accountsValidator->accountsVali] メッセージ: バリデーション終了。エラー数: 0
[DEBUG] [accountsValidator.php:33] [accountsValidator->accountsVali] メッセージ: バリデーション開始。対象データ数: 1
[DEBUG] [accountsValidator.php:103] [accountsValidator->accountsVali] メッセージ: バリデーション終了。エラー数: 0
[DEBUG] [accountsValidator.php:33] [accountsValidator->accountsVali] メッセージ: バリデーション開始。対象データ数: 1
[DEBUG] [accountsValidator.php:103] [accountsValidator->accountsVali] メッセージ: バリデーション終了。エラー数: 0
[DEBUG] [accountsValidator.php:33] [accountsValidator->accountsVali] メッセージ: バリデーション開始。対象データ数: 1
[DEBUG] [accountsValidator.php:103] [accountsValidator->accountsVali] メッセージ: バリデーション終了。エラー数: 0
[DEBUG] [accountsValidator.php:33] [accountsValidator->accountsVali] メッセージ: バリデーション開始。対象データ数: 1
[DEBUG] [accountsValidator.php:103] [accountsValidator->accountsVali] メッセージ: バリデーション終了。エラー数: 0
[DEBUG] [accountsValidator.php:33] [accountsValidator->accountsVali] メッセージ: バリデーション開始。対象データ数: 1
[DEBUG] [accountsValidator.php:103] [accountsValidator->accountsVali] メッセージ: バリデーション終了。エラー数: 0
[DEBUG] [accountsValidator.php:33] [accountsValidator->accountsVali] メッセージ: バリデーション開始。対象データ数: 1
[DEBUG] [accountsValidator.php:103] [accountsValidator->accountsVali] メッセージ: バリデーション終了。エラー数: 0
[DEBUG] [accountsValidator.php:33] [accountsValidator->accountsVali] メッセージ: バリデーション開始。対象データ数: 1
[DEBUG] [accountsValidator.php:103] [accountsValidator->accountsVali] メッセージ: バリデーション終了。エラー数: 0
[DEBUG] [accountsValidator.php:33] [accountsValidator->accountsVali] メッセージ: バリデーション開始。対象データ数: 2
[DEBUG] [accountsValidator.php:103] [accountsValidator->accountsVali] メッセージ: バリデーション終了。エラー数: 2
[DEBUG] [accountsValidator.php:33] [accountsValidator->accountsVali] メッセージ: バリデーション開始。対象データ数: 1
[DEBUG] [accountsValidator.php:103] [accountsValidator->accountsVali] メッセージ: バリデーション終了。エラー数: 0
[DEBUG] [accountsValidator.php:33] [accountsValidator->accountsVali] メッセージ: バリデーション開始。対象データ数: 1
[DEBUG] [accountsValidator.php:103] [accountsValidator->accountsVali] メッセージ: バリデーション終了。エラー数: 0
[DEBUG] [accountsValidator.php:33] [accountsValidator->accountsVali] メッセージ: バリデーション開始。対象データ数: 2
[DEBUG] [accountsValidator.php:103] [accountsValidator->accountsVali] メッセージ: バリデーション終了。エラー数: 0
[DEBUG] [accountsValidator.php:33] [accountsValidator->accountsVali] メッセージ: バリデーション開始。対象データ数: 2
[DEBUG] [accountsValidator.php:103] [accountsValidator->accountsVali] メッセージ: バリデーション終了。エラー数: 0
[DEBUG] [accountsValidator.php:33] [accountsValidator->accountsVali] メッセージ: バリデーション開始。対象データ数: 2
[DEBUG] [accountsValidator.php:103] [accountsValidator->accountsVali] メッセージ: バリデーション終了。エラー数: 0
[DEBUG] [accountsValidator.php:33] [accountsValidator->accountsVali] メッセージ: バリデーション開始。対象データ数: 2
[DEBUG] [accountsValidator.php:103] [accountsValidator->accountsVali] メッセージ: バリデーション終了。エラー数: 0
[DEBUG] [accountsValidator.php:33] [accountsValidator->accountsVali] メッセージ: バリデーション開始。対象データ数: 2
[DEBUG] [accountsValidator.php:103] [accountsValidator->accountsVali] メッセージ: バリデーション終了。エラー数: 0
[DEBUG] [accountsValidator.php:33] [accountsValidator->accountsVali] メッセージ: バリデーション開始。対象データ数: 1
[DEBUG] [accountsValidator.php:103] [accountsValidator->accountsVali] メッセージ: バリデーション終了。エラー数: 0
[DEBUG] [accountsValidator.php:33] [accountsValidator->accountsVali] メッセージ: バリデーション開始。対象データ数: 2
[DEBUG] [accountsValidator.php:103] [accountsValidator->accountsVali] メッセージ: バリデーション終了。エラー数: 0
[DEBUG] [accountsValidator.php:33] [accountsValidator->accountsVali] メッセージ: バリデーション開始。対象データ数: 2
[DEBUG] [accountsValidator.php:103] [accountsValidator->accountsVali] メッセージ: バリデーション終了。エラー数: 0
[DEBUG] [accountsValidator.php:33] [accountsValidator->accountsVali] メッセージ: バリデーション開始。対象データ数: 2
[DEBUG] [accountsValidator.php:103] [accountsValidator->accountsVali] メッセージ: バリデーション終了。エラー数: 0
[DEBUG] [accountsValidator.php:33] [accountsValidator->accountsVali] メッセージ: バリデーション開始。対象データ数: 2
[DEBUG] [accountsValidator.php:103] [accountsValidator->accountsVali] メッセージ: バリデーション終了。エラー数: 0
[DEBUG] [accountsValidator.php:33] [accountsValidator->accountsVali] メッセージ: バリデーション開始。対象データ数: 2
[DEBUG] [accountsValidator.php:103] [accountsValidator->accountsVali] メッセージ: バリデーション終了。エラー数: 0
[DEBUG] [accountsValidator.php:33] [accountsValidator->accountsVali] メッセージ: バリデーション開始。対象データ数: 2
[DEBUG] [accountsValidator.php:103] [accountsValidator->accountsVali] メッセージ: バリデーション終了。エラー数: 2
[DEBUG] [accountsValidator.php:33] [accountsValidator->accountsVali] メッセージ: バリデーション開始。対象データ数: 2
[DEBUG] [accountsValidator.php:103] [accountsValidator->accountsVali] メッセージ: バリデーション終了。エラー数: 0
[DEBUG] [accountsValidator.php:33] [accountsValidator->accountsVali] メッセージ: バリデーション開始。対象データ数: 2
[DEBUG] [accountsValidator.php:103] [accountsValidator->accountsVali] メッセージ: バリデーション終了。エラー数: 0
[DEBUG] [accountsValidator.php:33] [accountsValidator->accountsVali] メッセージ: バリデーション開始。対象データ数: 3
[DEBUG] [accountsValidator.php:103] [accountsValidator->accountsVali] メッセージ: バリデーション終了。エラー数: 0
[DEBUG] [accountsValidator.php:33] [accountsValidator->accountsVali] メッセージ: バリデーション開始。対象データ数: 3
[DEBUG] [accountsValidator.php:103] [accountsValidator->accountsVali] メッセージ: バリデーション終了。エラー数: 0
[DEBUG] [accountsValidator.php:33] [accountsValidator->accountsVali] メッセージ: バリデーション開始。対象データ数: 3
[DEBUG] [accountsValidator.php:103] [accountsValidator->accountsVali] メッセージ: バリデーション終了。エラー数: 0
[DEBUG] [accountsValidator.php:33] [accountsValidator->accountsVali] メッセージ: バリデーション開始。対象データ数: 3
[DEBUG] [accountsValidator.php:103] [accountsValidator->accountsVali] メッセージ: バリデーション終了。エラー数: 0
[DEBUG] [accountsValidator.php:33] [accountsValidator->accountsVali] メッセージ: バリデーション開始。対象データ数: 3
[DEBUG] [accountsValidator.php:103] [accountsValidator->accountsVali] メッセージ: バリデーション終了。エラー数: 0
[DEBUG] [accountsValidator.php:33] [accountsValidator->accountsVali] メッセージ: バリデーション開始。対象データ数: 3
[DEBUG] [accountsValidator.php:103] [accountsValidator->accountsVali] メッセージ: バリデーション終了。エラー数: 0
[DEBUG] [accountsValidator.php:33] [accountsValidator->accountsVali] メッセージ: バリデーション開始。対象データ数: 3
[DEBUG] [accountsValidator.php:103] [accountsValidator->accountsVali] メッセージ: バリデーション終了。エラー数: 0
[DEBUG] [accountsValidator.php:33] [accountsValidator->accountsVali] メッセージ: バリデーション開始。対象データ数: 3
[DEBUG] [accountsValidator.php:103] [accountsValidator->accountsVali] メッセージ: バリデーション終了。エラー数: 0
[DEBUG] [accountsValidator.php:33] [accountsValidator->accountsVali] メッセージ: バリデーション開始。対象データ数: 3
[DEBUG] [accountsValidator.php:103] [accountsValidator->accountsVali] メッセージ: バリデーション終了。エラー数: 0
[DEBUG] [accountsValidator.php:33] [accountsValidator->accountsVali] メッセージ: バリデーション開始。対象データ数: 3
[DEBUG] [accountsValidator.php:103] [accountsValidator->accountsVali] メッセージ: バリデーション終了。エラー数: 0
[DEBUG] [accountsValidator.php:33] [accountsValidator->accountsVali] メッセージ: バリデーション開始。対象データ数: 3
[DEBUG] [accountsValidator.php:103] [accountsValidator->accountsVali] メッセージ: バリデーション終了。エラー数: 0
[DEBUG] [accountsValidator.php:33] [accountsValidator->accountsVali] メッセージ: バリデーション開始。対象データ数: 3
[DEBUG] [accountsValidator.php:103] [accountsValidator->accountsVali] メッセージ: バリデーション終了。エラー数: 0
[DEBUG] [accountsValidator.php:33] [accountsValidator->accountsVali] メッセージ: バリデーション開始。対象データ数: 3
[DEBUG] [accountsValidator.php:103] [accountsValidator->accountsVali] メッセージ: バリデーション終了。エラー数: 0
[DEBUG] [accountsValidator.php:33] [accountsValidator->accountsVali] メッセージ: バリデーション開始。対象データ数: 4
[DEBUG] [accountsValidator.php:103] [accountsValidator->accountsVali] メッセージ: バリデーション終了。エラー数: 2
[DEBUG] [accountsValidator.php:33] [accountsValidator->accountsVali] メッセージ: バリデーション開始。対象データ数: 4
[DEBUG] [accountsValidator.php:103] [accountsValidator->accountsVali] メッセージ: バリデーション終了。エラー数: 0
[DEBUG] [accountsValidator.php:33] [accountsValidator->accountsVali] メッセージ: バリデーション開始。対象データ数: 3
[DEBUG] [accountsValidator.php:103] [accountsValidator->accountsVali] メッセージ: バリデーション終了。エラー数: 0
[DEBUG] [accountsValidator.php:33] [accountsValidator->accountsVali] メッセージ: バリデーション開始。対象データ数: 1
[DEBUG] [accountsValidator.php:103] [accountsValidator->accountsVali] メッセージ: バリデーション終了。エラー数: 0
[DEBUG] [accountsValidator.php:33] [accountsValidator->accountsVali] メッセージ: バリデーション開始。対象データ数: 3
[DEBUG] [accountsValidator.php:103] [accountsValidator->accountsVali] メッセージ: バリデーション終了。エラー数: 0
[DEBUG] [accountsValidator.php:33] [accountsValidator->accountsVali] メッセージ: バリデーション開始。対象データ数: 3
[DEBUG] [accountsValidator.php:103] [accountsValidator->accountsVali] メッセージ: バリデーション終了。エラー数: 3
[DEBUG] [accountsValidator.php:33] [accountsValidator->accountsVali] メッセージ: バリデーション開始。対象データ数: 2
[DEBUG] [accountsValidator.php:103] [accountsValidator->accountsVali] メッセージ: バリデーション終了。エラー数: 0
[DEBUG] [accountsValidator.php:33] [accountsValidator->accountsVali] メッセージ: バリデーション開始。対象データ数: 2
[DEBUG] [accountsValidator.php:103] [accountsValidator->accountsVali] メッセージ: バリデーション終了。エラー数: 2
[DEBUG] [accountsValidator.php:33] [accountsValidator->accountsVali] メッセージ: バリデーション開始。対象データ数: 3
[DEBUG] [accountsValidator.php:103] [accountsValidator->accountsVali] メッセージ: バリデーション終了。エラー数: 3
[DEBUG] [accountsValidator.php:33] [accountsValidator->accountsVali] メッセージ: バリデーション開始。対象データ数: 2
[DEBUG] [accountsValidator.php:103] [accountsValidator->accountsVali] メッセージ: バリデーション終了。エラー数: 2
[DEBUG] [accountsValidator.php:33] [accountsValidator->accountsVali] メッセージ: バリデーション開始。対象データ数: 2
[DEBUG] [accountsValidator.php:103] [accountsValidator->accountsVali] メッセージ: バリデーション終了。エラー数: 2
[DEBUG] [accountsValidator.php:33] [accountsValidator->accountsVali] メッセージ: バリデーション開始。対象データ数: 2
[DEBUG] [accountsValidator.php:103] [accountsValidator->accountsVali] メッセージ: バリデーション終了。エラー数: 0
[DEBUG] [accountsValidator.php:33] [accountsValidator->accountsVali] メッセージ: バリデーション開始。対象データ数: 3
[DEBUG] [accountsValidator.php:103] [accountsValidator->accountsVali] メッセージ: バリデーション終了。エラー数: 0
[DEBUG] [accountsValidator.php:33] [accountsValidator->accountsVali] メッセージ: バリデーション開始。対象データ数: 2
[DEBUG] [accountsValidator.php:103] [accountsValidator->accountsVali] メッセージ: バリデーション終了。エラー数: 1
[DEBUG] [accountsValidator.php:33] [accountsValidator->accountsVali] メッセージ: バリデーション開始。対象データ数: 3
[DEBUG] [accountsValidator.php:103] [accountsValidator->accountsVali] メッセージ: バリデーション終了。エラー数: 1
[DEBUG] [accountsValidator.php:33] [accountsValidator->accountsVali] メッセージ: バリデーション開始。対象データ数: 2
[DEBUG] [accountsValidator.php:103] [accountsValidator->accountsVali] メッセージ: バリデーション終了。エラー数: 0
[DEBUG] [accountsValidator.php:33] [accountsValidator->accountsVali] メッセージ: バリデーション開始。対象データ数: 3
[DEBUG] [accountsValidator.php:103] [accountsValidator->accountsVali] メッセージ: バリデーション終了。エラー数: 0
[DEBUG] [accountsValidator.php:33] [accountsValidator->accountsVali] メッセージ: バリデーション開始。対象データ数: 2
[DEBUG] [accountsValidator.php:103] [accountsValidator->accountsVali] メッセージ: バリデーション終了。エラー数: 0
[DEBUG] [accountsValidator.php:33] [accountsValidator->accountsVali] メッセージ: バリデーション開始。対象データ数: 3
[DEBUG] [accountsValidator.php:103] [accountsValidator->accountsVali] メッセージ: バリデーション終了。エラー数: 0
[DEBUG] [accountsValidator.php:33] [accountsValidator->accountsVali] メッセージ: バリデーション開始。対象データ数: 3
[DEBUG] [accountsValidator.php:103] [accountsValidator->accountsVali] メッセージ: バリデーション終了。エラー数: 0
[DEBUG] [accountsValidator.php:33] [accountsValidator->accountsVali] メッセージ: バリデーション開始。対象データ数: 2
[DEBUG] [accountsValidator.php:103] [accountsValidator->accountsVali] メッセージ: バリデーション終了。エラー数: 1
[DEBUG] [accountsValidator.php:33] [accountsValidator->accountsVali] メッセージ: バリデーション開始。対象データ数: 2
[DEBUG] [accountsValidator.php:103] [accountsValidator->accountsVali] メッセージ: バリデーション終了。エラー数: 0
[DEBUG] [accountsValidator.php:33] [accountsValidator->accountsVali] メッセージ: バリデーション開始。対象データ数: 2
[DEBUG] [accountsValidator.php:103] [accountsValidator->accountsVali] メッセージ: バリデーション終了。エラー数: 0
[DEBUG] [accountsValidator.php:33] [accountsValidator->accountsVali] メッセージ: バリデーション開始。対象データ数: 2
[DEBUG] [accountsValidator.php:103] [accountsValidator->accountsVali] メッセージ: バリデーション終了。エラー数: 1
[DEBUG] [accountsValidator.php:33] [accountsValidator->accountsVali] メッセージ: バリデーション開始。対象データ数: 3
[DEBUG] [accountsValidator.php:103] [accountsValidator->accountsVali] メッセージ: バリデーション終了。エラー数: 0
[DEBUG] [accountsValidator.php:33] [accountsValidator->accountsVali] メッセージ: バリデーション開始。対象データ数: 2
[DEBUG] [accountsValidator.php:103] [accountsValidator->accountsVali] メッセージ: バリデーション終了。エラー数: 1
[DEBUG] [accountsValidator.php:33] [accountsValidator->accountsVali] メッセージ: バリデーション開始。対象データ数: 2
[DEBUG] [accountsValidator.php:103] [accountsValidator->accountsVali] メッセージ: バリデーション終了。エラー数: 0
[DEBUG] [accountsValidator.php:33] [accountsValidator->accountsVali] メッセージ: バリデーション開始。対象データ数: 1
[DEBUG] [accountsValidator.php:103] [accountsValidator->accountsVali] メッセージ: バリデーション終了。エラー数: 0
[DEBUG] [accountsValidator.php:33] [accountsValidator->accountsVali] メッセージ: バリデーション開始。対象データ数: 1
[DEBUG] [accountsValidator.php:103] [accountsValidator->accountsVali] メッセージ: バリデーション終了。エラー数: 0
[DEBUG] [accountsValidator.php:33] [accountsValidator->accountsVali] メッセージ: バリデーション開始。対象データ数: 1
[DEBUG] [accountsValidator.php:103] [accountsValidator->accountsVali] メッセージ: バリデーション終了。エラー数: 1
[DEBUG] [accountsValidator.php:33] [accountsValidator->accountsVali] メッセージ: バリデーション開始。対象データ数: 1
[DEBUG] [accountsValidator.php:103] [accountsValidator->accountsVali] メッセージ: バリデーション終了。エラー数: 0
[DEBUG] [accountsValidator.php:33] [accountsValidator->accountsVali] メッセージ: バリデーション開始。対象データ数: 2
[DEBUG] [accountsValidator.php:103] [accountsValidator->accountsVali] メッセージ: バリデーション終了。エラー数: 2
[DEBUG] [accountsValidator.php:33] [accountsValidator->accountsVali] メッセージ: バリデーション開始。対象データ数: 2
[DEBUG] [accountsValidator.php:103] [accountsValidator->accountsVali] メッセージ: バリデーション終了。エラー数: 0
[DEBUG] [accountsValidator.php:33] [accountsValidator->accountsVali] メッセージ: バリデーション開始。対象データ数: 1
[DEBUG] [accountsValidator.php:103] [accountsValidator->accountsVali] メッセージ: バリデーション終了。エラー数: 0
[DEBUG] [accountsValidator.php:33] [accountsValidator->accountsVali] メッセージ: バリデーション開始。対象データ数: 3
[DEBUG] [accountsValidator.php:103] [accountsValidator->accountsVali] メッセージ: バリデーション終了。エラー数: 3
[DEBUG] [accountsValidator.php:33] [accountsValidator->accountsVali] メッセージ: バリデーション開始。対象データ数: 2
[DEBUG] [accountsValidator.php:103] [accountsValidator->accountsVali] メッセージ: バリデーション終了。エラー数: 2
[DEBUG] [accountsValidator.php:33] [accountsValidator->accountsVali] メッセージ: バリデーション開始。対象データ数: 3
[DEBUG] [accountsValidator.php:103] [accountsValidator->accountsVali] メッセージ: バリデーション終了。エラー数: 3
[DEBUG] [accountsValidator.php:33] [accountsValidator->accountsVali] メッセージ: バリデーション開始。対象データ数: 2
[DEBUG] [accountsValidator.php:103] [accountsValidator->accountsVali] メッセージ: バリデーション終了。エラー数: 2
[DEBUG] [accountsValidator.php:33] [accountsValidator->accountsVali] メッセージ: バリデーション開始。対象データ数: 2
[DEBUG] [accountsValidator.php:103] [accountsValidator->accountsVali] メッセージ: バリデーション終了。エラー数: 0
[DEBUG] [accountsValidator.php:33] [accountsValidator->accountsVali] メッセージ: バリデーション開始。対象データ数: 2
[DEBUG] [accountsValidator.php:103] [accountsValidator->accountsVali] メッセージ: バリデーション終了。エラー数: 2
[DEBUG] [accountsValidator.php:33] [accountsValidator->accountsVali] メッセージ: バリデーション開始。対象データ数: 1
[DEBUG] [accountsValidator.php:103] [accountsValidator->accountsVali] メッセージ: バリデーション終了。エラー数: 0
[DEBUG] [accountsValidator.php:33] [accountsValidator->accountsVali] メッセージ: バリデーション開始。対象データ数: 1
[DEBUG] [accountsValidator.php:103] [accountsValidator->accountsVali] メッセージ: バリデーション終了。エラー数: 0
[DEBUG] [accountsValidator.php:33] [accountsValidator->accountsVali] メッセージ: バリデーション開始。対象データ数: 2
[DEBUG] [accountsValidator.php:103] [accountsValidator->accountsVali] メッセージ: バリデーション終了。エラー数: 0
[DEBUG] [accountsValidator.php:33] [accountsValidator->accountsVali] メッセージ: バリデーション開始。対象データ数: 2
[DEBUG] [accountsValidator.php:103] [accountsValidator->accountsVali] メッセージ: バリデーション終了。エラー数: 0
[DEBUG] [accountsValidator.php:33] [accountsValidator->accountsVali] メッセージ: バリデーション開始。対象データ数: 2
[DEBUG] [accountsValidator.php:103] [accountsValidator->accountsVali] メッセージ: バリデーション終了。エラー数: 0
[DEBUG] [accountsValidator.php:33] [accountsValidator->accountsVali] メッセージ: バリデーション開始。対象データ数: 3
[DEBUG] [accountsValidator.php:103] [accountsValidator->accountsVali] メッセージ: バリデーション終了。エラー数: 3
[DEBUG] [accountsValidator.php:33] [accountsValidator->accountsVali] メッセージ: バリデーション開始。対象データ数: 3
[DEBUG] [accountsValidator.php:103] [accountsValidator->accountsVali] メッセージ: バリデーション終了。エラー数: 2
[DEBUG] [accountsValidator.php:33] [accountsValidator->accountsVali] メッセージ: バリデーション開始。対象データ数: 3
[DEBUG] [accountsValidator.php:103] [accountsValidator->accountsVali] メッセージ: バリデーション終了。エラー数: 0
[DEBUG] [accountsValidator.php:33] [accountsValidator->accountsVali] メッセージ: バリデーション開始。対象データ数: 2
[DEBUG] [accountsValidator.php:103] [accountsValidator->accountsVali] メッセージ: バリデーション終了。エラー数: 0
[DEBUG] [accountsValidator.php:33] [accountsValidator->accountsVali] メッセージ: バリデーション開始。対象データ数: 2
[DEBUG] [accountsValidator.php:103] [accountsValidator->accountsVali] メッセージ: バリデーション終了。エラー数: 0
[DEBUG] [accountsValidator.php:33] [accountsValidator->accountsVali] メッセージ: バリデーション開始。対象データ数: 2
[DEBUG] [accountsValidator.php:103] [accountsValidator->accountsVali] メッセージ: バリデーション終了。エラー数: 0
[DEBUG] [accountsValidator.php:33] [accountsValidator->accountsVali] メッセージ: バリデーション開始。対象データ数: 3
[DEBUG] [accountsValidator.php:103] [accountsValidator->accountsVali] メッセージ: バリデーション終了。エラー数: 0
[DEBUG] [accountsValidator.php:33] [accountsValidator->accountsVali] メッセージ: バリデーション開始。対象データ数: 3
[DEBUG] [accountsValidator.php:103] [accountsValidator->accountsVali] メッセージ: バリデーション終了。エラー数: 0
[DEBUG] [accountsValidator.php:33] [accountsValidator->accountsVali] メッセージ: バリデーション開始。対象データ数: 2
[DEBUG] [accountsValidator.php:103] [accountsValidator->accountsVali] メッセージ: バリデーション終了。エラー数: 0
[DEBUG] [accountsValidator.php:33] [accountsValidator->accountsVali] メッセージ: バリデーション開始。対象データ数: 2
[DEBUG] [accountsValidator.php:103] [accountsValidator->accountsVali] メッセージ: バリデーション終了。エラー数: 0
[DEBUG] [accountsValidator.php:33] [accountsValidator->accountsVali] メッセージ: バリデーション開始。対象データ数: 2
[DEBUG] [accountsValidator.php:103] [accountsValidator->accountsVali] メッセージ: バリデーション終了。エラー数: 1
[DEBUG] [accountsValidator.php:33] [accountsValidator->accountsVali] メッセージ: バリデーション開始。対象データ数: 2
[DEBUG] [accountsValidator.php:103] [accountsValidator->accountsVali] メッセージ: バリデーション終了。エラー数: 1
[DEBUG] [accountsValidator.php:33] [accountsValidator->accountsVali] メッセージ: バリデーション開始。対象データ数: 3
[DEBUG] [accountsValidator.php:103] [accountsValidator->accountsVali] メッセージ: バリデーション終了。エラー数: 0
[DEBUG] [accountsValidator.php:33] [accountsValidator->accountsVali] メッセージ: バリデーション開始。対象データ数: 2
[DEBUG] [accountsValidator.php:103] [accountsValidator->accountsVali] メッセージ: バリデーション終了。エラー数: 0
[DEBUG] [accountsValidator.php:33] [accountsValidator->accountsVali] メッセージ: バリデーション開始。対象データ数: 2
[DEBUG] [accountsValidator.php:103] [accountsValidator->accountsVali] メッセージ: バリデーション終了。エラー数: 1
[DEBUG] [accountsValidator.php:33] [accountsValidator->accountsVali] メッセージ: バリデーション開始。対象データ数: 1
[DEBUG] [accountsValidator.php:103] [accountsValidator->accountsVali] メッセージ: バリデーション終了。エラー数: 0
[DEBUG] [accountsValidator.php:33] [accountsValidator->accountsVali] メッセージ: バリデーション開始。対象データ数: 1
[DEBUG] [accountsValidator.php:103] [accountsValidator->accountsVali] メッセージ: バリデーション終了。エラー数: 0
[DEBUG] [accountsValidator.php:33] [accountsValidator->accountsVali] メッセージ: バリデーション開始。対象データ数: 2
[DEBUG] [accountsValidator.php:103] [accountsValidator->accountsVali] メッセージ: バリデーション終了。エラー数: 0
[DEBUG] [accountsValidator.php:33] [accountsValidator->accountsVali] メッセージ: バリデーション開始。対象データ数: 4
[DEBUG] [accountsValidator.php:103] [accountsValidator->accountsVali] メッセージ: バリデーション終了。エラー数: 0
[DEBUG] [accountsValidator.php:33] [accountsValidator->accountsVali] メッセージ: バリデーション開始。対象データ数: 2
[DEBUG] [accountsValidator.php:103] [accountsValidator->accountsVali] メッセージ: バリデーション終了。エラー数: 0
[DEBUG] [accountsValidator.php:33] [accountsValidator->accountsVali] メッセージ: バリデーション開始。対象データ数: 2
[DEBUG] [accountsValidator.php:103] [accountsValidator->accountsVali] メッセージ: バリデーション終了。エラー数: 0
[DEBUG] [accountsValidator.php:33] [accountsValidator->accountsVali] メッセージ: バリデーション開始。対象データ数: 2
[DEBUG] [accountsValidator.php:103] [accountsValidator->accountsVali] メッセージ: バリデーション終了。エラー数: 0
[DEBUG] [accountsValidator.php:33] [accountsValidator->accountsVali] メッセージ: バリデーション開始。対象データ数: 2
[DEBUG] [accountsValidator.php:103] [accountsValidator->accountsVali] メッセージ: バリデーション終了。エラー数: 0
[DEBUG] [accountsValidator.php:33] [accountsValidator->accountsVali] メッセージ: バリデーション開始。対象データ数: 2
[DEBUG] [accountsValidator.php:103] [accountsValidator->accountsVali] メッセージ: バリデーション終了。エラー数: 0
[DEBUG] [accountsValidator.php:33] [accountsValidator->accountsVali] メッセージ: バリデーション開始。対象データ数: 2
[DEBUG] [accountsValidator.php:103] [accountsValidator->accountsVali] メッセージ: バリデーション終了。エラー数: 0
[DEBUG] [accountsValidator.php:33] [accountsValidator->accountsVali] メッセージ: バリデーション開始。対象データ数: 2
[DEBUG] [accountsValidator.php:103] [accountsValidator->accountsVali] メッセージ: バリデーション終了。エラー数: 0
[DEBUG] [accountsValidator.php:33] [accountsValidator->accountsVali] メッセージ: バリデーション開始。対象データ数: 2
[DEBUG] [accountsValidator.php:103] [accountsValidator->accountsVali] メッセージ: バリデーション終了。エラー数: 0
[DEBUG] [accountsValidator.php:33] [accountsValidator->accountsVali] メッセージ: バリデーション開始。対象データ数: 2
[DEBUG] [accountsValidator.php:103] [accountsValidator->accountsVali] メッセージ: バリデーション終了。エラー数: 1
[DEBUG] [accountsValidator.php:33] [accountsValidator->accountsVali] メッセージ: バリデーション開始。対象データ数: 2
[DEBUG] [accountsValidator.php:103] [accountsValidator->accountsVali] メッセージ: バリデーション終了。エラー数: 0
[DEBUG] [accountsValidator.php:33] [accountsValidator->accountsVali] メッセージ: バリデーション開始。対象データ数: 2
[DEBUG] [accountsValidator.php:103] [accountsValidator->accountsVali] メッセージ: バリデーション終了。エラー数: 0
[DEBUG] [accountsValidator.php:33] [accountsValidator->accountsVali] メッセージ: バリデーション開始。対象データ数: 2
[DEBUG] [accountsValidator.php:103] [accountsValidator->accountsVali] メッセージ: バリデーション終了。エラー数: 0
[DEBUG] [accountsValidator.php:33] [accountsValidator->accountsVali] メッセージ: バリデーション開始。対象データ数: 2
[DEBUG] [accountsValidator.php:103] [accountsValidator->accountsVali] メッセージ: バリデーション終了。エラー数: 0
[DEBUG] [accountsValidator.php:33] [accountsValidator->accountsVali] メッセージ: バリデーション開始。対象データ数: 2
[DEBUG] [accountsValidator.php:103] [accountsValidator->accountsVali] メッセージ: バリデーション終了。エラー数: 0
[DEBUG] [accountsValidator.php:33] [accountsValidator->accountsVali] メッセージ: バリデーション開始。対象データ数: 3
[DEBUG] [accountsValidator.php:103] [accountsValidator->accountsVali] メッセージ: バリデーション終了。エラー数: 0
[DEBUG] [accountsValidator.php:33] [accountsValidator->accountsVali] メッセージ: バリデーション開始。対象データ数: 3
[DEBUG] [accountsValidator.php:103] [accountsValidator->accountsVali] メッセージ: バリデーション終了。エラー数: 0
[DEBUG] [accountsValidator.php:33] [accountsValidator->accountsVali] メッセージ: バリデーション開始。対象データ数: 4
[DEBUG] [accountsValidator.php:103] [accountsValidator->accountsVali] メッセージ: バリデーション終了。エラー数: 0
[DEBUG] [accountsValidator.php:33] [accountsValidator->accountsVali] メッセージ: バリデーション開始。対象データ数: 4
[DEBUG] [accountsValidator.php:103] [accountsValidator->accountsVali] メッセージ: バリデーション終了。エラー数: 0
[DEBUG] [accountsValidator.php:33] [accountsValidator->accountsVali] メッセージ: バリデーション開始。対象データ数: 4
[DEBUG] [accountsValidator.php:103] [accountsValidator->accountsVali] メッセージ: バリデーション終了。エラー数: 0
[DEBUG] [accountsValidator.php:33] [accountsValidator->accountsVali] メッセージ: バリデーション開始。対象データ数: 4
[DEBUG] [accountsValidator.php:103] [accountsValidator->accountsVali] メッセージ: バリデーション終了。エラー数: 1
[DEBUG] [accountsValidator.php:33] [accountsValidator->accountsVali] メッセージ: バリデーション開始。対象データ数: 4
[DEBUG] [accountsValidator.php:103] [accountsValidator->accountsVali] メッセージ: バリデーション終了。エラー数: 0
[DEBUG] [accountsValidator.php:33] [accountsValidator->accountsVali] メッセージ: バリデーション開始。対象データ数: 4
[DEBUG] [accountsValidator.php:103] [accountsValidator->accountsVali] メッセージ: バリデーション終了。エラー数: 0
[DEBUG] [accountsValidator.php:33] [accountsValidator->accountsVali] メッセージ: バリデーション開始。対象データ数: 4
[DEBUG] [accountsValidator.php:103] [accountsValidator->accountsVali] メッセージ: バリデーション終了。エラー数: 1
[DEBUG] [accountsValidator.php:33] [accountsValidator->accountsVali] メッセージ: バリデーション開始。対象データ数: 4
[DEBUG] [accountsValidator.php:103] [accountsValidator->accountsVali] メッセージ: バリデーション終了。エラー数: 1
[DEBUG] [accountsValidator.php:33] [accountsValidator->accountsVali] メッセージ: バリデーション開始。対象データ数: 4
[DEBUG] [accountsValidator.php:103] [accountsValidator->accountsVali] メッセージ: バリデーション終了。エラー数: 0
[DEBUG] [accountsValidator.php:33] [accountsValidator->accountsVali] メッセージ: バリデーション開始。対象データ数: 4
[DEBUG] [accountsValidator.php:103] [accountsValidator->accountsVali] メッセージ: バリデーション終了。エラー数: 0
[DEBUG] [accountsValidator.php:33] [accountsValidator->accountsVali] メッセージ: バリデーション開始。対象データ数: 4
[DEBUG] [accountsValidator.php:103] [accountsValidator->accountsVali] メッセージ: バリデーション終了。エラー数: 1
[DEBUG] [accountsValidator.php:33] [accountsValidator->accountsVali] メッセージ: バリデーション開始。対象データ数: 4
[DEBUG] [accountsValidator.php:103] [accountsValidator->accountsVali] メッセージ: バリデーション終了。エラー数: 0
[DEBUG] [accountsValidator.php:33] [accountsValidator->accountsVali] メッセージ: バリデーション開始。対象データ数: 4
[DEBUG] [accountsValidator.php:103] [accountsValidator->accountsVali] メッセージ: バリデーション終了。エラー数: 0
[DEBUG] [accountsValidator.php:33] [accountsValidator->accountsVali] メッセージ: バリデーション開始。対象データ数: 4
[DEBUG] [accountsValidator.php:103] [accountsValidator->accountsVali] メッセージ: バリデーション終了。エラー数: 0
[DEBUG] [accountsValidator.php:33] [accountsValidator->accountsVali] メッセージ: バリデーション開始。対象データ数: 4
[DEBUG] [accountsValidator.php:103] [accountsValidator->accountsVali] メッセージ: バリデーション終了。エラー数: 0
[DEBUG] [accountsValidator.php:33] [accountsValidator->accountsVali] メッセージ: バリデーション開始。対象データ数: 4
[DEBUG] [accountsValidator.php:103] [accountsValidator->accountsVali] メッセージ: バリデーション終了。エラー数: 0
[DEBUG] [accountsValidator.php:33] [accountsValidator->accountsVali] メッセージ: バリデーション開始。対象データ数: 4
[DEBUG] [accountsValidator.php:103] [accountsValidator->accountsVali] メッセージ: バリデーション終了。エラー数: 1
[DEBUG] [accountsValidator.php:33] [accountsValidator->accountsVali] メッセージ: バリデーション開始。対象データ数: 4
[DEBUG] [accountsValidator.php:103] [accountsValidator->accountsVali] メッセージ: バリデーション終了。エラー数: 1
[DEBUG] [accountsValidator.php:33] [accountsValidator->accountsVali] メッセージ: バリデーション開始。対象データ数: 4
[DEBUG] [accountsValidator.php:103] [accountsValidator->accountsVali] メッセージ: バリデーション終了。エラー数: 0
[DEBUG] [accountsValidator.php:33] [accountsValidator->accountsVali] メッセージ: バリデーション開始。対象データ数: 4
[DEBUG] [accountsValidator.php:103] [accountsValidator->accountsVali] メッセージ: バリデーション終了。エラー数: 0
[DEBUG] [accountsValidator.php:33] [accountsValidator->accountsVali] メッセージ: バリデーション開始。対象データ数: 4
[DEBUG] [accountsValidator.php:103] [accountsValidator->accountsVali] メッセージ: バリデーション終了。エラー数: 0
[DEBUG] [accountsValidator.php:33] [accountsValidator->accountsVali] メッセージ: バリデーション開始。対象データ数: 4
[DEBUG] [accountsValidator.php:103] [accountsValidator->accountsVali] メッセージ: バリデーション終了。エラー数: 1
[DEBUG] [accountsValidator.php:33] [accountsValidator->accountsVali] メッセージ: バリデーション開始。対象データ数: 1
[DEBUG] [accountsValidator.php:103] [accountsValidator->accountsVali] メッセージ: バリデーション終了。エラー数: 0
[DEBUG] [accountsValidator.php:33] [accountsValidator->accountsVali] メッセージ: バリデーション開始。対象データ数: 2
[DEBUG] [accountsValidator.php:103] [accountsValidator->accountsVali] メッセージ: バリデーション終了。エラー数: 0
[DEBUG] [accountsValidator.php:33] [accountsValidator->accountsVali] メッセージ: バリデーション開始。対象データ数: 2
[DEBUG] [accountsValidator.php:102] [accountsValidator->accountsVali] メッセージ: バリデーション終了。エラー数: 0
[DEBUG] [accountsValidator.php:33] [accountsValidator->accountsVali] メッセージ: バリデーション開始。対象データ数: 4
[DEBUG] [accountsValidator.php:102] [accountsValidator->accountsVali] メッセージ: バリデーション終了。エラー数: 0
[DEBUG] [accountsValidator.php:33] [accountsValidator->accountsVali] メッセージ: バリデーション開始。対象データ数: 5
[DEBUG] [accountsValidator.php:102] [accountsValidator->accountsVali] メッセージ: バリデーション終了。エラー数: 0
[DEBUG] [accountsValidator.php:33] [accountsValidator->accountsVali] メッセージ: バリデーション開始。対象データ数: 5
[DEBUG] [accountsValidator.php:102] [accountsValidator->accountsVali] メッセージ: バリデーション終了。エラー数: 0
[DEBUG] [accountsValidator.php:33] [accountsValidator->accountsVali] メッセージ: バリデーション開始。対象データ数: 5
[DEBUG] [accountsValidator.php:102] [accountsValidator->accountsVali] メッセージ: バリデーション終了。エラー数: 0
[DEBUG] [shopsValidator.php:79] [shopsValidator->commonVali] メッセージ: バリデーション開始。対象データ数: 4
[DEBUG] [shopsValidator.php:191] [shopsValidator->commonVali] メッセージ: バリデーション終了。エラー数: 0
[DEBUG] [shopsValidator.php:79] [shopsValidator->commonVali] メッセージ: バリデーション開始。対象データ数: 4
[DEBUG] [shopsValidator.php:191] [shopsValidator->commonVali] メッセージ: バリデーション終了。エラー数: 0
[DEBUG] [shopsValidator.php:79] [shopsValidator->commonVali] メッセージ: バリデーション開始。対象データ数: 4
[DEBUG] [shopsValidator.php:191] [shopsValidator->commonVali] メッセージ: バリデーション終了。エラー数: 0
[DEBUG] [shopsValidator.php:79] [shopsValidator->commonVali] メッセージ: バリデーション開始。対象データ数: 4
[DEBUG] [shopsValidator.php:191] [shopsValidator->commonVali] メッセージ: バリデーション終了。エラー数: 0
[DEBUG] [shopsValidator.php:79] [shopsValidator->commonVali] メッセージ: バリデーション開始。対象データ数: 4
[DEBUG] [shopsValidator.php:191] [shopsValidator->commonVali] メッセージ: バリデーション終了。エラー数: 0
[DEBUG] [shopsValidator.php:79] [shopsValidator->commonVali] メッセージ: バリデーション開始。対象データ数: 4
[DEBUG] [shopsValidator.php:191] [shopsValidator->commonVali] メッセージ: バリデーション終了。エラー数: 0
[DEBUG] [shopsValidator.php:79] [shopsValidator->commonVali] メッセージ: バリデーション開始。対象データ数: 4
[DEBUG] [shopsValidator.php:191] [shopsValidator->commonVali] メッセージ: バリデーション終了。エラー数: 0
[DEBUG] [shopsValidator.php:79] [shopsValidator->commonVali] メッセージ: バリデーション開始。対象データ数: 4
[DEBUG] [shopsValidator.php:191] [shopsValidator->commonVali] メッセージ: バリデーション終了。エラー数: 0
[DEBUG] [accountsValidator.php:33] [accountsValidator->accountsVali] メッセージ: バリデーション開始。対象データ数: 3
[DEBUG] [accountsValidator.php:37] [accountsValidator->accountsVali] メッセージ: バリデーション開始。対象データ数: 3
[DEBUG] [accountsValidator.php:37] [accountsValidator->accountsVali] メッセージ: バリデーション開始。対象データ数: 3
[DEBUG] [accountsValidator.php:37] [accountsValidator->accountsVali] メッセージ: バリデーション開始。対象データ数: 3
[DEBUG] [accountsValidator.php:128] [accountsValidator->accountsVali] メッセージ: バリデーション終了。エラー数: 1
[DEBUG] [accountsValidator.php:37] [accountsValidator->accountsVali] メッセージ: バリデーション開始。対象データ数: 3
[DEBUG] [accountsValidator.php:128] [accountsValidator->accountsVali] メッセージ: バリデーション終了。エラー数: 1
[DEBUG] [accountsValidator.php:37] [accountsValidator->accountsVali] メッセージ: バリデーション開始。対象データ数: 3
[DEBUG] [accountsValidator.php:128] [accountsValidator->accountsVali] メッセージ: バリデーション終了。エラー数: 1
[DEBUG] [accountsValidator.php:37] [accountsValidator->accountsVali] メッセージ: バリデーション開始。対象データ数: 3
[DEBUG] [accountsValidator.php:128] [accountsValidator->accountsVali] メッセージ: バリデーション終了。エラー数: 1
[DEBUG] [accountsValidator.php:37] [accountsValidator->accountsVali] メッセージ: バリデーション開始。対象データ数: 3
[DEBUG] [accountsValidator.php:129] [accountsValidator->accountsVali] メッセージ: バリデーション終了。エラー数: 1
[DEBUG] [accountsValidator.php:37] [accountsValidator->accountsVali] メッセージ: バリデーション開始。対象データ数: 3
[DEBUG] [accountsValidator.php:130] [accountsValidator->accountsVali] メッセージ: バリデーション終了。エラー数: 1
[DEBUG] [accountsValidator.php:37] [accountsValidator->accountsVali] メッセージ: バリデーション開始。対象データ数: 3
[DEBUG] [accountsValidator.php:130] [accountsValidator->accountsVali] メッセージ: バリデーション終了。エラー数: 1
[DEBUG] [accountsValidator.php:37] [accountsValidator->accountsVali] メッセージ: バリデーション開始。対象データ数: 3
[DEBUG] [accountsValidator.php:130] [accountsValidator->accountsVali] メッセージ: バリデーション終了。エラー数: 1
[DEBUG] [accountsValidator.php:37] [accountsValidator->accountsVali] メッセージ: バリデーション開始。対象データ数: 3
[DEBUG] [accountsValidator.php:130] [accountsValidator->accountsVali] メッセージ: バリデーション終了。エラー数: 1
[DEBUG] [accountsValidator.php:37] [accountsValidator->accountsVali] メッセージ: バリデーション開始。対象データ数: 3
[DEBUG] [accountsValidator.php:130] [accountsValidator->accountsVali] メッセージ: バリデーション終了。エラー数: 1
[DEBUG] [accountsValidator.php:37] [accountsValidator->accountsVali] メッセージ: バリデーション開始。対象データ数: 3
[DEBUG] [accountsValidator.php:130] [accountsValidator->accountsVali] メッセージ: バリデーション終了。エラー数: 1
[DEBUG] [accountsValidator.php:37] [accountsValidator->accountsVali] メッセージ: バリデーション開始。対象データ数: 3
[DEBUG] [accountsValidator.php:130] [accountsValidator->accountsVali] メッセージ: バリデーション終了。エラー数: 1
[DEBUG] [accountsValidator.php:37] [accountsValidator->accountsVali] メッセージ: バリデーション開始。対象データ数: 3
[DEBUG] [accountsValidator.php:130] [accountsValidator->accountsVali] メッセージ: バリデーション終了。エラー数: 1
[DEBUG] [accountsValidator.php:37] [accountsValidator->accountsVali] メッセージ: バリデーション開始。対象データ数: 3
[DEBUG] [accountsValidator.php:130] [accountsValidator->accountsVali] メッセージ: バリデーション終了。エラー数: 1
[DEBUG] [accountsValidator.php:37] [accountsValidator->accountsVali] メッセージ: バリデーション開始。対象データ数: 3
[DEBUG] [accountsValidator.php:130] [accountsValidator->accountsVali] メッセージ: バリデーション終了。エラー数: 1
[DEBUG] [accountsValidator.php:37] [accountsValidator->accountsVali] メッセージ: バリデーション開始。対象データ数: 3
[DEBUG] [accountsValidator.php:130] [accountsValidator->accountsVali] メッセージ: バリデーション終了。エラー数: 1
[DEBUG] [accountsValidator.php:37] [accountsValidator->accountsVali] メッセージ: バリデーション開始。対象データ数: 3
[DEBUG] [accountsValidator.php:130] [accountsValidator->accountsVali] メッセージ: バリデーション終了。エラー数: 1
[DEBUG] [accountsValidator.php:37] [accountsValidator->accountsVali] メッセージ: バリデーション開始。対象データ数: 3
[DEBUG] [accountsValidator.php:130] [accountsValidator->accountsVali] メッセージ: バリデーション終了。エラー数: 1
[DEBUG] [accountsValidator.php:37] [accountsValidator->accountsVali] メッセージ: バリデーション開始。対象データ数: 3
[DEBUG] [accountsValidator.php:130] [accountsValidator->accountsVali] メッセージ: バリデーション終了。エラー数: 1
[DEBUG] [accountsValidator.php:37] [accountsValidator->accountsVali] メッセージ: バリデーション開始。対象データ数: 3
[DEBUG] [accountsValidator.php:37] [accountsValidator->accountsVali] メッセージ: バリデーション開始。対象データ数: 3
[DEBUG] [accountsValidator.php:130] [accountsValidator->accountsVali] メッセージ: バリデーション終了。エラー数: 1
[DEBUG] [accountsValidator.php:37] [accountsValidator->accountsVali] メッセージ: バリデーション開始。対象データ数: 3
[DEBUG] [accountsValidator.php:130] [accountsValidator->accountsVali] メッセージ: バリデーション終了。エラー数: 0
[DEBUG] [accountsValidator.php:37] [accountsValidator->accountsVali] メッセージ: バリデーション開始。対象データ数: 3
[DEBUG] [accountsValidator.php:130] [accountsValidator->accountsVali] メッセージ: バリデーション終了。エラー数: 0
[DEBUG] [accountsValidator.php:37] [accountsValidator->accountsVali] メッセージ: バリデーション開始。対象データ数: 3
[DEBUG] [accountsValidator.php:130] [accountsValidator->accountsVali] メッセージ: バリデーション終了。エラー数: 0
[DEBUG] [accountsValidator.php:37] [accountsValidator->accountsVali] メッセージ: バリデーション開始。対象データ数: 2
[DEBUG] [accountsValidator.php:130] [accountsValidator->accountsVali] メッセージ: バリデーション終了。エラー数: 0
[DEBUG] [accountsValidator.php:37] [accountsValidator->accountsVali] メッセージ: バリデーション開始。対象データ数: 2
[DEBUG] [accountsValidator.php:130] [accountsValidator->accountsVali] メッセージ: バリデーション終了。エラー数: 0
[DEBUG] [accountsValidator.php:37] [accountsValidator->accountsVali] メッセージ: バリデーション開始。対象データ数: 1
[DEBUG] [accountsValidator.php:130] [accountsValidator->accountsVali] メッセージ: バリデーション終了。エラー数: 1
[DEBUG] [accountsValidator.php:37] [accountsValidator->accountsVali] メッセージ: バリデーション開始。対象データ数: 5
[DEBUG] [accountsValidator.php:130] [accountsValidator->accountsVali] メッセージ: バリデーション終了。エラー数: 2
[DEBUG] [accountsValidator.php:37] [accountsValidator->accountsVali] メッセージ: バリデーション開始。対象データ数: 2
[DEBUG] [accountsValidator.php:130] [accountsValidator->accountsVali] メッセージ: バリデーション終了。エラー数: 2
[DEBUG] [accountsValidator.php:37] [accountsValidator->accountsVali] メッセージ: バリデーション開始。対象データ数: 2
[DEBUG] [accountsValidator.php:130] [accountsValidator->accountsVali] メッセージ: バリデーション終了。エラー数: 0
[DEBUG] [accountsValidator.php:37] [accountsValidator->accountsVali] メッセージ: バリデーション開始。対象データ数: 2
[DEBUG] [accountsValidator.php:130] [accountsValidator->accountsVali] メッセージ: バリデーション終了。エラー数: 0
[DEBUG] [accountsValidator.php:37] [accountsValidator->accountsVali] メッセージ: バリデーション開始。対象データ数: 2
[DEBUG] [accountsValidator.php:130] [accountsValidator->accountsVali] メッセージ: バリデーション終了。エラー数: 0
[DEBUG] [accountsValidator.php:37] [accountsValidator->accountsVali] メッセージ: バリデーション開始。対象データ数: 2
[DEBUG] [accountsValidator.php:130] [accountsValidator->accountsVali] メッセージ: バリデーション終了。エラー数: 0
[DEBUG] [accountsValidator.php:37] [accountsValidator->accountsVali] メッセージ: バリデーション開始。対象データ数: 2
[DEBUG] [accountsValidator.php:130] [accountsValidator->accountsVali] メッセージ: バリデーション終了。エラー数: 0
[DEBUG] [accountsValidator.php:37] [accountsValidator->accountsVali] メッセージ: バリデーション開始。対象データ数: 1
[DEBUG] [accountsValidator.php:130] [accountsValidator->accountsVali] メッセージ: バリデーション終了。エラー数: 1
[DEBUG] [accountsValidator.php:37] [accountsValidator->accountsVali] メッセージ: バリデーション開始。対象データ数: 1
[DEBUG] [accountsValidator.php:130] [accountsValidator->accountsVali] メッセージ: バリデーション終了。エラー数: 1
[DEBUG] [accountsValidator.php:37] [accountsValidator->accountsVali] メッセージ: バリデーション開始。対象データ数: 1
[DEBUG] [accountsValidator.php:130] [accountsValidator->accountsVali] メッセージ: バリデーション終了。エラー数: 1
[DEBUG] [accountsValidator.php:37] [accountsValidator->accountsVali] メッセージ: バリデーション開始。対象データ数: 1
[DEBUG] [accountsValidator.php:130] [accountsValidator->accountsVali] メッセージ: バリデーション終了。エラー数: 0
[DEBUG] [accountsValidator.php:37] [accountsValidator->accountsVali] メッセージ: バリデーション開始。対象データ数: 1
[DEBUG] [accountsValidator.php:130] [accountsValidator->accountsVali] メッセージ: バリデーション終了。エラー数: 0
[DEBUG] [accountsValidator.php:37] [accountsValidator->accountsVali] メッセージ: バリデーション開始。対象データ数: 2
[DEBUG] [accountsValidator.php:130] [accountsValidator->accountsVali] メッセージ: バリデーション終了。エラー数: 0
[DEBUG] [accountsValidator.php:37] [accountsValidator->accountsVali] メッセージ: バリデーション開始。対象データ数: 2
[DEBUG] [accountsValidator.php:130] [accountsValidator->accountsVali] メッセージ: バリデーション終了。エラー数: 0
[DEBUG] [accountsValidator.php:37] [accountsValidator->accountsVali] メッセージ: バリデーション開始。対象データ数: 2
[DEBUG] [accountsValidator.php:130] [accountsValidator->accountsVali] メッセージ: バリデーション終了。エラー数: 0
[DEBUG] [accountsValidator.php:37] [accountsValidator->accountsVali] メッセージ: バリデーション開始。対象データ数: 2
[DEBUG] [accountsValidator.php:130] [accountsValidator->accountsVali] メッセージ: バリデーション終了。エラー数: 0
[DEBUG] [accountsValidator.php:37] [accountsValidator->accountsVali] メッセージ: バリデーション開始。対象データ数: 2
[DEBUG] [accountsValidator.php:130] [accountsValidator->accountsVali] メッセージ: バリデーション終了。エラー数: 0
[DEBUG] [accountsValidator.php:37] [accountsValidator->accountsVali] メッセージ: バリデーション開始。対象データ数: 2
[DEBUG] [accountsValidator.php:130] [accountsValidator->accountsVali] メッセージ: バリデーション終了。エラー数: 0
[DEBUG] [accountsValidator.php:37] [accountsValidator->accountsVali] メッセージ: バリデーション開始。対象データ数: 23
[DEBUG] [accountsValidator.php:130] [accountsValidator->accountsVali] メッセージ: バリデーション終了。エラー数: 0
[DEBUG] [accountsValidator.php:37] [accountsValidator->accountsVali] メッセージ: バリデーション開始。対象データ数: 25
[DEBUG] [accountsValidator.php:130] [accountsValidator->accountsVali] メッセージ: バリデーション終了。エラー数: 2
[DEBUG] [accountsValidator.php:37] [accountsValidator->accountsVali] メッセージ: バリデーション開始。対象データ数: 24
[DEBUG] [accountsValidator.php:130] [accountsValidator->accountsVali] メッセージ: バリデーション終了。エラー数: 0
[DEBUG] [accountsValidator.php:37] [accountsValidator->accountsVali] メッセージ: バリデーション開始。対象データ数: 24
[DEBUG] [accountsValidator.php:130] [accountsValidator->accountsVali] メッセージ: バリデーション終了。エラー数: 0
[DEBUG] [accountsValidator.php:37] [accountsValidator->accountsVali] メッセージ: バリデーション開始。対象データ数: 25
[DEBUG] [accountsValidator.php:130] [accountsValidator->accountsVali] メッセージ: バリデーション終了。エラー数: 0
[DEBUG] [accountsValidator.php:37] [accountsValidator->accountsVali] メッセージ: バリデーション開始。対象データ数: 26
[DEBUG] [accountsValidator.php:130] [accountsValidator->accountsVali] メッセージ: バリデーション終了。エラー数: 0
[DEBUG] [accountsValidator.php:37] [accountsValidator->accountsVali] メッセージ: バリデーション開始。対象データ数: 28
[DEBUG] [accountsValidator.php:180] [accountsValidator->accountsVali] メッセージ: バリデーション終了。エラー数: 28
[DEBUG] [accountsValidator.php:37] [accountsValidator->accountsVali] メッセージ: バリデーション開始。対象データ数: 27
[DEBUG] [accountsValidator.php:180] [accountsValidator->accountsVali] メッセージ: バリデーション終了。エラー数: 27
[DEBUG] [accountsValidator.php:37] [accountsValidator->accountsVali] メッセージ: バリデーション開始。対象データ数: 26
[DEBUG] [accountsValidator.php:180] [accountsValidator->accountsVali] メッセージ: バリデーション終了。エラー数: 26
[DEBUG] [accountsValidator.php:37] [accountsValidator->accountsVali] メッセージ: バリデーション開始。対象データ数: 26
[DEBUG] [accountsValidator.php:180] [accountsValidator->accountsVali] メッセージ: バリデーション終了。エラー数: 26
[DEBUG] [accountsValidator.php:37] [accountsValidator->accountsVali] メッセージ: バリデーション開始。対象データ数: 26
[DEBUG] [accountsValidator.php:180] [accountsValidator->accountsVali] メッセージ: バリデーション終了。エラー数: 26
[DEBUG] [accountsValidator.php:37] [accountsValidator->accountsVali] メッセージ: バリデーション開始。対象データ数: 26
[DEBUG] [accountsValidator.php:180] [accountsValidator->accountsVali] メッセージ: バリデーション終了。エラー数: 26
[DEBUG] [accountsValidator.php:37] [accountsValidator->accountsVali] メッセージ: バリデーション開始。対象データ数: 26
[DEBUG] [accountsValidator.php:180] [accountsValidator->accountsVali] メッセージ: バリデーション終了。エラー数: 24
[DEBUG] [accountsValidator.php:37] [accountsValidator->accountsVali] メッセージ: バリデーション開始。対象データ数: 26
[DEBUG] [accountsValidator.php:180] [accountsValidator->accountsVali] メッセージ: バリデーション終了。エラー数: 24
[DEBUG] [accountsValidator.php:37] [accountsValidator->accountsVali] メッセージ: バリデーション開始。対象データ数: 26
[DEBUG] [accountsValidator.php:180] [accountsValidator->accountsVali] メッセージ: バリデーション終了。エラー数: 0
[DEBUG] [accountsValidator.php:37] [accountsValidator->accountsVali] メッセージ: バリデーション開始。対象データ数: 27
[DEBUG] [accountsValidator.php:180] [accountsValidator->accountsVali] メッセージ: バリデーション終了。エラー数: 0
[DEBUG] [accountsValidator.php:37] [accountsValidator->accountsVali] メッセージ: バリデーション開始。対象データ数: 28
[DEBUG] [accountsValidator.php:180] [accountsValidator->accountsVali] メッセージ: バリデーション終了。エラー数: 0
[DEBUG] [accountsValidator.php:37] [accountsValidator->accountsVali] メッセージ: バリデーション開始。対象データ数: 30
[DEBUG] [accountsValidator.php:180] [accountsValidator->accountsVali] メッセージ: バリデーション終了。エラー数: 2
[DEBUG] [accountsValidator.php:37] [accountsValidator->accountsVali] メッセージ: バリデーション開始。対象データ数: 30
[DEBUG] [accountsValidator.php:180] [accountsValidator->accountsVali] メッセージ: バリデーション終了。エラー数: 1
[DEBUG] [accountsValidator.php:37] [accountsValidator->accountsVali] メッセージ: バリデーション開始。対象データ数: 29
[DEBUG] [accountsValidator.php:180] [accountsValidator->accountsVali] メッセージ: バリデーション終了。エラー数: 0
[DEBUG] [accountsValidator.php:37] [accountsValidator->accountsVali] メッセージ: バリデーション開始。対象データ数: 1
[DEBUG] [accountsValidator.php:180] [accountsValidator->accountsVali] メッセージ: バリデーション終了。エラー数: 0
[DEBUG] [shopsValidator.php:79] [shopsValidator->commonVali] メッセージ: バリデーション開始。対象データ数: 5
[DEBUG] [shopsValidator.php:191] [shopsValidator->commonVali] メッセージ: バリデーション終了。エラー数: 4
[DEBUG] [shopsValidator.php:79] [shopsValidator->commonVali] メッセージ: バリデーション開始。対象データ数: 5
[DEBUG] [shopsValidator.php:191] [shopsValidator->commonVali] メッセージ: バリデーション終了。エラー数: 5
[DEBUG] [shopsValidator.php:79] [shopsValidator->commonVali] メッセージ: バリデーション開始。対象データ数: 5
[DEBUG] [shopsValidator.php:191] [shopsValidator->commonVali] メッセージ: バリデーション終了。エラー数: 4
[DEBUG] [shopsValidator.php:79] [shopsValidator->commonVali] メッセージ: バリデーション開始。対象データ数: 5
[DEBUG] [shopsValidator.php:191] [shopsValidator->commonVali] メッセージ: バリデーション終了。エラー数: 4
[DEBUG] [shopsValidator.php:79] [shopsValidator->commonVali] メッセージ: バリデーション開始。対象データ数: 5
[DEBUG] [shopsValidator.php:191] [shopsValidator->commonVali] メッセージ: バリデーション終了。エラー数: 5
[DEBUG] [shopsValidator.php:79] [shopsValidator->commonVali] メッセージ: バリデーション開始。対象データ数: 5
[DEBUG] [shopsValidator.php:79] [shopsValidator->commonVali] メッセージ: バリデーション開始。対象データ数: 5
[DEBUG] [shopsValidator.php:194] [shopsValidator->commonVali] メッセージ: バリデーション終了。エラー数: 5
[DEBUG] [shopsValidator.php:79] [shopsValidator->commonVali] メッセージ: バリデーション開始。対象データ数: 5
[DEBUG] [shopsValidator.php:194] [shopsValidator->commonVali] メッセージ: バリデーション終了。エラー数: 5
[DEBUG] [shopsValidator.php:79] [shopsValidator->commonVali] メッセージ: バリデーション開始。対象データ数: 5
[DEBUG] [shopsValidator.php:194] [shopsValidator->commonVali] メッセージ: バリデーション終了。エラー数: 5
[DEBUG] [shopsValidator.php:79] [shopsValidator->commonVali] メッセージ: バリデーション開始。対象データ数: 5
[DEBUG] [shopsValidator.php:194] [shopsValidator->commonVali] メッセージ: バリデーション終了。エラー数: 5
[DEBUG] [shopsValidator.php:79] [shopsValidator->commonVali] メッセージ: バリデーション開始。対象データ数: 5
[DEBUG] [shopsValidator.php:192] [shopsValidator->commonVali] メッセージ: バリデーション終了。エラー数: 5
[DEBUG] [shopsValidator.php:79] [shopsValidator->commonVali] メッセージ: バリデーション開始。対象データ数: 5
[DEBUG] [shopsValidator.php:192] [shopsValidator->commonVali] メッセージ: バリデーション終了。エラー数: 4
[DEBUG] [shopsValidator.php:79] [shopsValidator->commonVali] メッセージ: バリデーション開始。対象データ数: 5
[DEBUG] [shopsValidator.php:192] [shopsValidator->commonVali] メッセージ: バリデーション終了。エラー数: 5
[DEBUG] [shopsValidator.php:79] [shopsValidator->commonVali] メッセージ: バリデーション開始。対象データ数: 5
[DEBUG] [shopsValidator.php:192] [shopsValidator->commonVali] メッセージ: バリデーション終了。エラー数: 4
[DEBUG] [shopsValidator.php:79] [shopsValidator->commonVali] メッセージ: バリデーション開始。対象データ数: 5
[DEBUG] [shopsValidator.php:192] [shopsValidator->commonVali] メッセージ: バリデーション終了。エラー数: 4
[DEBUG] [shopsValidator.php:32] [shopsValidator->newRegister] メッセージ: バリデーション開始。対象データ数: 5
[DEBUG] [shopsValidator.php:66] [shopsValidator->newRegister] メッセージ: バリデーション終了。エラー数: 2
[DEBUG] [shopsValidator.php:79] [shopsValidator->commonVali] メッセージ: バリデーション開始。対象データ数: 5
[DEBUG] [shopsValidator.php:192] [shopsValidator->commonVali] メッセージ: バリデーション終了。エラー数: 4
[DEBUG] [shopsValidator.php:79] [shopsValidator->commonVali] メッセージ: バリデーション開始。対象データ数: 5
[DEBUG] [shopsValidator.php:192] [shopsValidator->commonVali] メッセージ: バリデーション終了。エラー数: 4
[DEBUG] [shopsValidator.php:79] [shopsValidator->commonVali] メッセージ: バリデーション開始。対象データ数: 5
[DEBUG] [shopsValidator.php:192] [shopsValidator->commonVali] メッセージ: バリデーション終了。エラー数: 5
[DEBUG] [shopsValidator.php:79] [shopsValidator->commonVali] メッセージ: バリデーション開始。対象データ数: 5
[DEBUG] [shopsValidator.php:192] [shopsValidator->commonVali] メッセージ: バリデーション終了。エラー数: 4
[DEBUG] [shopsValidator.php:79] [shopsValidator->commonVali] メッセージ: バリデーション開始。対象データ数: 5
[DEBUG] [shopsValidator.php:192] [shopsValidator->commonVali] メッセージ: バリデーション終了。エラー数: 4
[DEBUG] [shopsValidator.php:79] [shopsValidator->commonVali] メッセージ: バリデーション開始。対象データ数: 5
[DEBUG] [shopsValidator.php:192] [shopsValidator->commonVali] メッセージ: バリデーション終了。エラー数: 4
[DEBUG] [shopsValidator.php:79] [shopsValidator->commonVali] メッセージ: バリデーション開始。対象データ数: 5
[DEBUG] [shopsValidator.php:192] [shopsValidator->commonVali] メッセージ: バリデーション終了。エラー数: 5
[DEBUG] [shopsValidator.php:79] [shopsValidator->commonVali] メッセージ: バリデーション開始。対象データ数: 5
[DEBUG] [shopsValidator.php:192] [shopsValidator->commonVali] メッセージ: バリデーション終了。エラー数: 4
[DEBUG] [shopsValidator.php:79] [shopsValidator->commonVali] メッセージ: バリデーション開始。対象データ数: 5
[DEBUG] [shopsValidator.php:192] [shopsValidator->commonVali] メッセージ: バリデーション終了。エラー数: 4
[DEBUG] [shopsValidator.php:79] [shopsValidator->commonVali] メッセージ: バリデーション開始。対象データ数: 5
[DEBUG] [shopsValidator.php:192] [shopsValidator->commonVali] メッセージ: バリデーション終了。エラー数: 5
[DEBUG] [shopsValidator.php:79] [shopsValidator->commonVali] メッセージ: バリデーション開始。対象データ数: 5
[DEBUG] [shopsValidator.php:192] [shopsValidator->commonVali] メッセージ: バリデーション終了。エラー数: 4
[DEBUG] [shopsValidator.php:79] [shopsValidator->commonVali] メッセージ: バリデーション開始。対象データ数: 5
[DEBUG] [shopsValidator.php:79] [shopsValidator->commonVali] メッセージ: バリデーション開始。対象データ数: 5
[DEBUG] [shopsValidator.php:79] [shopsValidator->commonVali] メッセージ: バリデーション開始。対象データ数: 5
[DEBUG] [shopsValidator.php:210] [shopsValidator->commonVali] メッセージ: バリデーション終了。エラー数: 4
[DEBUG] [shopsValidator.php:79] [shopsValidator->commonVali] メッセージ: バリデーション開始。対象データ数: 5
[DEBUG] [shopsValidator.php:210] [shopsValidator->commonVali] メッセージ: バリデーション終了。エラー数: 0
[DEBUG] [shopsValidator.php:79] [shopsValidator->commonVali] メッセージ: バリデーション開始。対象データ数: 5
[DEBUG] [shopsValidator.php:210] [shopsValidator->commonVali] メッセージ: バリデーション終了。エラー数: 0
[DEBUG] [shopsValidator.php:79] [shopsValidator->commonVali] メッセージ: バリデーション開始。対象データ数: 5
[DEBUG] [shopsValidator.php:210] [shopsValidator->commonVali] メッセージ: バリデーション終了。エラー数: 0
[DEBUG] [shopsValidator.php:79] [shopsValidator->commonVali] メッセージ: バリデーション開始。対象データ数: 5
[DEBUG] [shopsValidator.php:210] [shopsValidator->commonVali] メッセージ: バリデーション終了。エラー数: 0
[DEBUG] [shopsValidator.php:79] [shopsValidator->commonVali] メッセージ: バリデーション開始。対象データ数: 5
[DEBUG] [shopsValidator.php:210] [shopsValidator->commonVali] メッセージ: バリデーション終了。エラー数: 4
[DEBUG] [shopsValidator.php:79] [shopsValidator->commonVali] メッセージ: バリデーション開始。対象データ数: 5
[DEBUG] [shopsValidator.php:210] [shopsValidator->commonVali] メッセージ: バリデーション終了。エラー数: 0
[DEBUG] [shopsValidator.php:79] [shopsValidator->commonVali] メッセージ: バリデーション開始。対象データ数: 5
[DEBUG] [shopsValidator.php:210] [shopsValidator->commonVali] メッセージ: バリデーション終了。エラー数: 0
[DEBUG] [shopsValidator.php:79] [shopsValidator->commonVali] メッセージ: バリデーション開始。対象データ数: 5
[DEBUG] [shopsValidator.php:210] [shopsValidator->commonVali] メッセージ: バリデーション終了。エラー数: 1
[DEBUG] [shopsValidator.php:79] [shopsValidator->commonVali] メッセージ: バリデーション開始。対象データ数: 5
[DEBUG] [shopsValidator.php:210] [shopsValidator->commonVali] メッセージ: バリデーション終了。エラー数: 0
[DEBUG] [shopsValidator.php:79] [shopsValidator->commonVali] メッセージ: バリデーション開始。対象データ数: 5
[DEBUG] [shopsValidator.php:210] [shopsValidator->commonVali] メッセージ: バリデーション終了。エラー数: 0
[DEBUG] [shopsValidator.php:79] [shopsValidator->commonVali] メッセージ: バリデーション開始。対象データ数: 5
[DEBUG] [shopsValidator.php:210] [shopsValidator->commonVali] メッセージ: バリデーション終了。エラー数: 4
[DEBUG] [shopsValidator.php:32] [shopsValidator->newRegister] メッセージ: バリデーション開始。対象データ数: 5
[DEBUG] [shopsValidator.php:66] [shopsValidator->newRegister] メッセージ: バリデーション終了。エラー数: 1
[DEBUG] [shopsValidator.php:32] [shopsValidator->newRegister] メッセージ: バリデーション開始。対象データ数: 5
[DEBUG] [shopsValidator.php:66] [shopsValidator->newRegister] メッセージ: バリデーション終了。エラー数: 1
[DEBUG] [shopsValidator.php:32] [shopsValidator->newRegister] メッセージ: バリデーション開始。対象データ数: 5
[DEBUG] [shopsValidator.php:66] [shopsValidator->newRegister] メッセージ: バリデーション終了。エラー数: 1
[DEBUG] [shopsValidator.php:32] [shopsValidator->newRegister] メッセージ: バリデーション開始。対象データ数: 5
[DEBUG] [shopsValidator.php:66] [shopsValidator->newRegister] メッセージ: バリデーション終了。エラー数: 1
[DEBUG] [shopsValidator.php:32] [shopsValidator->newRegister] メッセージ: バリデーション開始。対象データ数: 5
[DEBUG] [shopsValidator.php:66] [shopsValidator->newRegister] メッセージ: バリデーション終了。エラー数: 0
[DEBUG] [shopsValidator.php:32] [shopsValidator->newRegister] メッセージ: バリデーション開始。対象データ数: 6
[DEBUG] [shopsValidator.php:66] [shopsValidator->newRegister] メッセージ: バリデーション終了。エラー数: 0
[DEBUG] [shopsValidator.php:79] [shopsValidator->commonVali] メッセージ: バリデーション開始。対象データ数: 7
[DEBUG] [shopsValidator.php:210] [shopsValidator->commonVali] メッセージ: バリデーション終了。エラー数: 7
[DEBUG] [shopsValidator.php:80] [shopsValidator->commonVali] メッセージ: バリデーション開始。対象データ数: 4
[DEBUG] [shopsValidator.php:211] [shopsValidator->commonVali] メッセージ: バリデーション終了。エラー数: 0
[DEBUG] [shopsValidator.php:80] [shopsValidator->commonVali] メッセージ: バリデーション開始。対象データ数: 4
[DEBUG] [shopsValidator.php:211] [shopsValidator->commonVali] メッセージ: バリデーション終了。エラー数: 0
[DEBUG] [shopsValidator.php:80] [shopsValidator->commonVali] メッセージ: バリデーション開始。対象データ数: 4
[DEBUG] [shopsValidator.php:211] [shopsValidator->commonVali] メッセージ: バリデーション終了。エラー数: 0
[DEBUG] [shopsValidator.php:80] [shopsValidator->commonVali] メッセージ: バリデーション開始。対象データ数: 4
[DEBUG] [shopsValidator.php:211] [shopsValidator->commonVali] メッセージ: バリデーション終了。エラー数: 0
[DEBUG] [shopsValidator.php:33] [shopsValidator->newRegister] メッセージ: バリデーション開始。対象データ数: 4
[DEBUG] [shopsValidator.php:67] [shopsValidator->newRegister] メッセージ: バリデーション終了。エラー数: 0
[DEBUG] [shopsValidator.php:81] [shopsValidator->commonVali] メッセージ: バリデーション開始。対象データ数: 4
[DEBUG] [shopsValidator.php:212] [shopsValidator->commonVali] メッセージ: バリデーション終了。エラー数: 0
[DEBUG] [shopsValidator.php:81] [shopsValidator->commonVali] メッセージ: バリデーション開始。対象データ数: 4
[DEBUG] [shopsValidator.php:212] [shopsValidator->commonVali] メッセージ: バリデーション終了。エラー数: 0
[DEBUG] [shopsValidator.php:33] [shopsValidator->newRegister] メッセージ: バリデーション開始。対象データ数: 4
[DEBUG] [shopsValidator.php:68] [shopsValidator->newRegister] メッセージ: バリデーション終了。エラー数: 0
[DEBUG] [shopsValidator.php:33] [shopsValidator->newRegister] メッセージ: バリデーション開始。対象データ数: 4
[DEBUG] [shopsValidator.php:76] [shopsValidator->newRegister] メッセージ: バリデーション終了。エラー数: 0
[DEBUG] [shopsValidator.php:33] [shopsValidator->newRegister] メッセージ: バリデーション開始。対象データ数: 4
[DEBUG] [shopsValidator.php:77] [shopsValidator->newRegister] メッセージ: バリデーション終了。エラー数: 0
[DEBUG] [shopsValidator.php:33] [shopsValidator->newRegister] メッセージ: バリデーション開始。対象データ数: 4
[DEBUG] [shopsValidator.php:77] [shopsValidator->newRegister] メッセージ: バリデーション終了。エラー数: 0
[DEBUG] [shopsValidator.php:33] [shopsValidator->newRegister] メッセージ: バリデーション開始。対象データ数: 4
[DEBUG] [shopsValidator.php:77] [shopsValidator->newRegister] メッセージ: バリデーション終了。エラー数: 0
[DEBUG] [shopsValidator.php:33] [shopsValidator->newRegister] メッセージ: バリデーション開始。対象データ数: 4
[DEBUG] [shopsValidator.php:77] [shopsValidator->newRegister] メッセージ: バリデーション終了。エラー数: 1
[DEBUG] [shopsValidator.php:33] [shopsValidator->newRegister] メッセージ: バリデーション開始。対象データ数: 4
[DEBUG] [shopsValidator.php:77] [shopsValidator->newRegister] メッセージ: バリデーション終了。エラー数: 1
[DEBUG] [shopsValidator.php:33] [shopsValidator->newRegister] メッセージ: バリデーション開始。対象データ数: 4
[DEBUG] [shopsValidator.php:77] [shopsValidator->newRegister] メッセージ: バリデーション終了。エラー数: 0
[DEBUG] [shopsValidator.php:33] [shopsValidator->newRegister] メッセージ: バリデーション開始。対象データ数: 4
[DEBUG] [shopsValidator.php:89] [shopsValidator->newRegister] メッセージ: バリデーション終了。エラー数: 1
[DEBUG] [shopsValidator.php:33] [shopsValidator->newRegister] メッセージ: バリデーション開始。対象データ数: 4
[DEBUG] [shopsValidator.php:89] [shopsValidator->newRegister] メッセージ: バリデーション終了。エラー数: 0
[DEBUG] [shopsValidator.php:33] [shopsValidator->newRegister] メッセージ: バリデーション開始。対象データ数: 5
[DEBUG] [shopsValidator.php:89] [shopsValidator->newRegister] メッセージ: バリデーション終了。エラー数: 2
[DEBUG] [shopsValidator.php:33] [shopsValidator->newRegister] メッセージ: バリデーション開始。対象データ数: 5
[DEBUG] [shopsValidator.php:89] [shopsValidator->newRegister] メッセージ: バリデーション終了。エラー数: 1
[DEBUG] [shopsValidator.php:102] [shopsValidator->commonVali] メッセージ: バリデーション開始。対象データ数: 4
[DEBUG] [shopsValidator.php:233] [shopsValidator->commonVali] メッセージ: バリデーション終了。エラー数: 0
[DEBUG] [shopsValidator.php:102] [shopsValidator->commonVali] メッセージ: バリデーション開始。対象データ数: 4
[DEBUG] [shopsValidator.php:233] [shopsValidator->commonVali] メッセージ: バリデーション終了。エラー数: 0
[DEBUG] [shopsValidator.php:102] [shopsValidator->commonVali] メッセージ: バリデーション開始。対象データ数: 4
[DEBUG] [shopsValidator.php:233] [shopsValidator->commonVali] メッセージ: バリデーション終了。エラー数: 0
[DEBUG] [shopsValidator.php:102] [shopsValidator->commonVali] メッセージ: バリデーション開始。対象データ数: 4
[DEBUG] [shopsValidator.php:233] [shopsValidator->commonVali] メッセージ: バリデーション終了。エラー数: 0
[DEBUG] [shopsValidator.php:102] [shopsValidator->commonVali] メッセージ: バリデーション開始。対象データ数: 4
[DEBUG] [shopsValidator.php:233] [shopsValidator->commonVali] メッセージ: バリデーション終了。エラー数: 0
[DEBUG] [shopsValidator.php:102] [shopsValidator->commonVali] メッセージ: バリデーション開始。対象データ数: 4
[DEBUG] [shopsValidator.php:233] [shopsValidator->commonVali] メッセージ: バリデーション終了。エラー数: 0
[DEBUG] [shopsValidator.php:102] [shopsValidator->commonVali] メッセージ: バリデーション開始。対象データ数: 6
[DEBUG] [shopsValidator.php:233] [shopsValidator->commonVali] メッセージ: バリデーション終了。エラー数: 6
[DEBUG] [shopsValidator.php:102] [shopsValidator->commonVali] メッセージ: バリデーション開始。対象データ数: 4
[DEBUG] [shopsValidator.php:233] [shopsValidator->commonVali] メッセージ: バリデーション終了。エラー数: 0
[DEBUG] [shopsValidator.php:102] [shopsValidator->commonVali] メッセージ: バリデーション開始。対象データ数: 4
[DEBUG] [shopsValidator.php:233] [shopsValidator->commonVali] メッセージ: バリデーション終了。エラー数: 0
[DEBUG] [shopsValidator.php:102] [shopsValidator->commonVali] メッセージ: バリデーション開始。対象データ数: 4
[DEBUG] [shopsValidator.php:233] [shopsValidator->commonVali] メッセージ: バリデーション終了。エラー数: 0
[DEBUG] [shopsValidator.php:102] [shopsValidator->commonVali] メッセージ: バリデーション開始。対象データ数: 4
[DEBUG] [shopsValidator.php:233] [shopsValidator->commonVali] メッセージ: バリデーション終了。エラー数: 0
[DEBUG] [shopsValidator.php:102] [shopsValidator->commonVali] メッセージ: バリデーション開始。対象データ数: 4
[DEBUG] [shopsValidator.php:233] [shopsValidator->commonVali] メッセージ: バリデーション終了。エラー数: 0
[DEBUG] [shopsValidator.php:102] [shopsValidator->commonVali] メッセージ: バリデーション開始。対象データ数: 4
[DEBUG] [shopsValidator.php:233] [shopsValidator->commonVali] メッセージ: バリデーション終了。エラー数: 0
[DEBUG] [shopsValidator.php:102] [shopsValidator->commonVali] メッセージ: バリデーション開始。対象データ数: 4
[DEBUG] [shopsValidator.php:233] [shopsValidator->commonVali] メッセージ: バリデーション終了。エラー数: 0
[DEBUG] [shopsValidator.php:102] [shopsValidator->commonVali] メッセージ: バリデーション開始。対象データ数: 4
[DEBUG] [shopsValidator.php:233] [shopsValidator->commonVali] メッセージ: バリデーション終了。エラー数: 0
[DEBUG] [shopsValidator.php:102] [shopsValidator->commonVali] メッセージ: バリデーション開始。対象データ数: 4
[DEBUG] [shopsValidator.php:233] [shopsValidator->commonVali] メッセージ: バリデーション終了。エラー数: 0
[DEBUG] [shopsValidator.php:102] [shopsValidator->commonVali] メッセージ: バリデーション開始。対象データ数: 4
[DEBUG] [shopsValidator.php:233] [shopsValidator->commonVali] メッセージ: バリデーション終了。エラー数: 0
[DEBUG] [shopsValidator.php:102] [shopsValidator->commonVali] メッセージ: バリデーション開始。対象データ数: 4
[DEBUG] [shopsValidator.php:233] [shopsValidator->commonVali] メッセージ: バリデーション終了。エラー数: 0
[DEBUG] [shopsValidator.php:102] [shopsValidator->commonVali] メッセージ: バリデーション開始。対象データ数: 4
[DEBUG] [shopsValidator.php:233] [shopsValidator->commonVali] メッセージ: バリデーション終了。エラー数: 0
[DEBUG] [shopsValidator.php:102] [shopsValidator->commonVali] メッセージ: バリデーション開始。対象データ数: 4
[DEBUG] [shopsValidator.php:233] [shopsValidator->commonVali] メッセージ: バリデーション終了。エラー数: 0
[DEBUG] [shopsValidator.php:102] [shopsValidator->commonVali] メッセージ: バリデーション開始。対象データ数: 4
[DEBUG] [shopsValidator.php:233] [shopsValidator->commonVali] メッセージ: バリデーション終了。エラー数: 0
[DEBUG] [shopsValidator.php:102] [shopsValidator->commonVali] メッセージ: バリデーション開始。対象データ数: 4
[DEBUG] [shopsValidator.php:233] [shopsValidator->commonVali] メッセージ: バリデーション終了。エラー数: 0
[DEBUG] [shopsValidator.php:102] [shopsValidator->commonVali] メッセージ: バリデーション開始。対象データ数: 4
[DEBUG] [shopsValidator.php:233] [shopsValidator->commonVali] メッセージ: バリデーション終了。エラー数: 0
[DEBUG] [shopsValidator.php:102] [shopsValidator->commonVali] メッセージ: バリデーション開始。対象データ数: 4
[DEBUG] [shopsValidator.php:233] [shopsValidator->commonVali] メッセージ: バリデーション終了。エラー数: 0
[DEBUG] [shopsValidator.php:102] [shopsValidator->commonVali] メッセージ: バリデーション開始。対象データ数: 4
[DEBUG] [shopsValidator.php:233] [shopsValidator->commonVali] メッセージ: バリデーション終了。エラー数: 0
[DEBUG] [shopsValidator.php:102] [shopsValidator->commonVali] メッセージ: バリデーション開始。対象データ数: 4
[DEBUG] [shopsValidator.php:233] [shopsValidator->commonVali] メッセージ: バリデーション終了。エラー数: 0
[DEBUG] [shopsValidator.php:102] [shopsValidator->commonVali] メッセージ: バリデーション開始。対象データ数: 4
[DEBUG] [shopsValidator.php:233] [shopsValidator->commonVali] メッセージ: バリデーション終了。エラー数: 0
[DEBUG] [shopsValidator.php:102] [shopsValidator->commonVali] メッセージ: バリデーション開始。対象データ数: 1
[DEBUG] [shopsValidator.php:233] [shopsValidator->commonVali] メッセージ: バリデーション終了。エラー数: 0
[DEBUG] [shopsValidator.php:102] [shopsValidator->commonVali] メッセージ: バリデーション開始。対象データ数: 1
[DEBUG] [shopsValidator.php:233] [shopsValidator->commonVali] メッセージ: バリデーション終了。エラー数: 0
[DEBUG] [shopsValidator.php:102] [shopsValidator->commonVali] メッセージ: バリデーション開始。対象データ数: 1
[DEBUG] [shopsValidator.php:233] [shopsValidator->commonVali] メッセージ: バリデーション終了。エラー数: 0
[DEBUG] [shopsValidator.php:102] [shopsValidator->commonVali] メッセージ: バリデーション開始。対象データ数: 1
[DEBUG] [shopsValidator.php:233] [shopsValidator->commonVali] メッセージ: バリデーション終了。エラー数: 0
[DEBUG] [shopsValidator.php:102] [shopsValidator->commonVali] メッセージ: バリデーション開始。対象データ数: 1
[DEBUG] [shopsValidator.php:233] [shopsValidator->commonVali] メッセージ: バリデーション終了。エラー数: 0
[DEBUG] [shopsValidator.php:102] [shopsValidator->commonVali] メッセージ: バリデーション開始。対象データ数: 1
[DEBUG] [shopsValidator.php:233] [shopsValidator->commonVali] メッセージ: バリデーション終了。エラー数: 0
[DEBUG] [shopsValidator.php:102] [shopsValidator->commonVali] メッセージ: バリデーション開始。対象データ数: 1
[DEBUG] [shopsValidator.php:233] [shopsValidator->commonVali] メッセージ: バリデーション終了。エラー数: 0
[DEBUG] [shopsValidator.php:102] [shopsValidator->commonVali] メッセージ: バリデーション開始。対象データ数: 1
[DEBUG] [shopsValidator.php:233] [shopsValidator->commonVali] メッセージ: バリデーション終了。エラー数: 0
[DEBUG] [shopsValidator.php:102] [shopsValidator->commonVali] メッセージ: バリデーション開始。対象データ数: 1
[DEBUG] [shopsValidator.php:233] [shopsValidator->commonVali] メッセージ: バリデーション終了。エラー数: 0
[DEBUG] [shopsValidator.php:102] [shopsValidator->commonVali] メッセージ: バリデーション開始。対象データ数: 1
[DEBUG] [shopsValidator.php:233] [shopsValidator->commonVali] メッセージ: バリデーション終了。エラー数: 0
[DEBUG] [shopsValidator.php:102] [shopsValidator->commonVali] メッセージ: バリデーション開始。対象データ数: 1
[DEBUG] [shopsValidator.php:233] [shopsValidator->commonVali] メッセージ: バリデーション終了。エラー数: 0
[DEBUG] [shopsValidator.php:102] [shopsValidator->commonVali] メッセージ: バリデーション開始。対象データ数: 1
[DEBUG] [shopsValidator.php:233] [shopsValidator->commonVali] メッセージ: バリデーション終了。エラー数: 0
[DEBUG] [shopsValidator.php:102] [shopsValidator->commonVali] メッセージ: バリデーション開始。対象データ数: 1
[DEBUG] [shopsValidator.php:233] [shopsValidator->commonVali] メッセージ: バリデーション終了。エラー数: 0
[DEBUG] [shopsValidator.php:102] [shopsValidator->commonVali] メッセージ: バリデーション開始。対象データ数: 1
[DEBUG] [shopsValidator.php:233] [shopsValidator->commonVali] メッセージ: バリデーション終了。エラー数: 0
[DEBUG] [shopsValidator.php:102] [shopsValidator->commonVali] メッセージ: バリデーション開始。対象データ数: 1
[DEBUG] [shopsValidator.php:233] [shopsValidator->commonVali] メッセージ: バリデーション終了。エラー数: 0
[DEBUG] [shopsValidator.php:102] [shopsValidator->commonVali] メッセージ: バリデーション開始。対象データ数: 1
[DEBUG] [shopsValidator.php:233] [shopsValidator->commonVali] メッセージ: バリデーション終了。エラー数: 0
[DEBUG] [shopsValidator.php:102] [shopsValidator->commonVali] メッセージ: バリデーション開始。対象データ数: 1
[DEBUG] [shopsValidator.php:233] [shopsValidator->commonVali] メッセージ: バリデーション終了。エラー数: 0
[DEBUG] [shopsValidator.php:102] [shopsValidator->commonVali] メッセージ: バリデーション開始。対象データ数: 1
[DEBUG] [shopsValidator.php:233] [shopsValidator->commonVali] メッセージ: バリデーション終了。エラー数: 0
[DEBUG] [shopsValidator.php:102] [shopsValidator->commonVali] メッセージ: バリデーション開始。対象データ数: 1
[DEBUG] [shopsValidator.php:233] [shopsValidator->commonVali] メッセージ: バリデーション終了。エラー数: 0
[DEBUG] [shopsValidator.php:102] [shopsValidator->commonVali] メッセージ: バリデーション開始。対象データ数: 1
[DEBUG] [shopsValidator.php:233] [shopsValidator->commonVali] メッセージ: バリデーション終了。エラー数: 0
[DEBUG] [shopsValidator.php:102] [shopsValidator->commonVali] メッセージ: バリデーション開始。対象データ数: 1
[DEBUG] [shopsValidator.php:233] [shopsValidator->commonVali] メッセージ: バリデーション終了。エラー数: 0
[DEBUG] [shopsValidator.php:102] [shopsValidator->commonVali] メッセージ: バリデーション開始。対象データ数: 1
[DEBUG] [shopsValidator.php:233] [shopsValidator->commonVali] メッセージ: バリデーション終了。エラー数: 0
[DEBUG] [shopsValidator.php:102] [shopsValidator->commonVali] メッセージ: バリデーション開始。対象データ数: 1
[DEBUG] [shopsValidator.php:233] [shopsValidator->commonVali] メッセージ: バリデーション終了。エラー数: 0
[DEBUG] [shopsValidator.php:102] [shopsValidator->commonVali] メッセージ: バリデーション開始。対象データ数: 1
[DEBUG] [shopsValidator.php:233] [shopsValidator->commonVali] メッセージ: バリデーション終了。エラー数: 0
[DEBUG] [shopsValidator.php:102] [shopsValidator->commonVali] メッセージ: バリデーション開始。対象データ数: 1
[DEBUG] [shopsValidator.php:233] [shopsValidator->commonVali] メッセージ: バリデーション終了。エラー数: 0
[DEBUG] [shopsValidator.php:102] [shopsValidator->commonVali] メッセージ: バリデーション開始。対象データ数: 1
[DEBUG] [shopsValidator.php:233] [shopsValidator->commonVali] メッセージ: バリデーション終了。エラー数: 0
[DEBUG] [shopsValidator.php:102] [shopsValidator->commonVali] メッセージ: バリデーション開始。対象データ数: 1
[DEBUG] [shopsValidator.php:233] [shopsValidator->commonVali] メッセージ: バリデーション終了。エラー数: 0
[DEBUG] [shopsValidator.php:102] [shopsValidator->commonVali] メッセージ: バリデーション開始。対象データ数: 1
[DEBUG] [shopsValidator.php:233] [shopsValidator->commonVali] メッセージ: バリデーション終了。エラー数: 0
[DEBUG] [shopsValidator.php:102] [shopsValidator->commonVali] メッセージ: バリデーション開始。対象データ数: 1
[DEBUG] [shopsValidator.php:233] [shopsValidator->commonVali] メッセージ: バリデーション終了。エラー数: 0
[DEBUG] [shopsValidator.php:102] [shopsValidator->commonVali] メッセージ: バリデーション開始。対象データ数: 1
[DEBUG] [shopsValidator.php:233] [shopsValidator->commonVali] メッセージ: バリデーション終了。エラー数: 0
[DEBUG] [shopsValidator.php:102] [shopsValidator->commonVali] メッセージ: バリデーション開始。対象データ数: 1
[DEBUG] [shopsValidator.php:233] [shopsValidator->commonVali] メッセージ: バリデーション終了。エラー数: 0
[DEBUG] [shopsValidator.php:102] [shopsValidator->commonVali] メッセージ: バリデーション開始。対象データ数: 1
[DEBUG] [shopsValidator.php:233] [shopsValidator->commonVali] メッセージ: バリデーション終了。エラー数: 0
[DEBUG] [shopsValidator.php:102] [shopsValidator->commonVali] メッセージ: バリデーション開始。対象データ数: 1
[DEBUG] [shopsValidator.php:233] [shopsValidator->commonVali] メッセージ: バリデーション終了。エラー数: 0
[DEBUG] [shopsValidator.php:102] [shopsValidator->commonVali] メッセージ: バリデーション開始。対象データ数: 1
[DEBUG] [shopsValidator.php:233] [shopsValidator->commonVali] メッセージ: バリデーション終了。エラー数: 0
[DEBUG] [shopsValidator.php:102] [shopsValidator->commonVali] メッセージ: バリデーション開始。対象データ数: 1
[DEBUG] [shopsValidator.php:233] [shopsValidator->commonVali] メッセージ: バリデーション終了。エラー数: 0
[DEBUG] [shopsValidator.php:102] [shopsValidator->commonVali] メッセージ: バリデーション開始。対象データ数: 1
[DEBUG] [shopsValidator.php:233] [shopsValidator->commonVali] メッセージ: バリデーション終了。エラー数: 0
[DEBUG] [shopsValidator.php:102] [shopsValidator->commonVali] メッセージ: バリデーション開始。対象データ数: 4
[DEBUG] [shopsValidator.php:233] [shopsValidator->commonVali] メッセージ: バリデーション終了。エラー数: 0
[DEBUG] [shopsValidator.php:102] [shopsValidator->commonVali] メッセージ: バリデーション開始。対象データ数: 1
[DEBUG] [shopsValidator.php:233] [shopsValidator->commonVali] メッセージ: バリデーション終了。エラー数: 0
[DEBUG] [shopsValidator.php:102] [shopsValidator->commonVali] メッセージ: バリデーション開始。対象データ数: 4
[DEBUG] [shopsValidator.php:233] [shopsValidator->commonVali] メッセージ: バリデーション終了。エラー数: 0
[DEBUG] [shopsValidator.php:102] [shopsValidator->commonVali] メッセージ: バリデーション開始。対象データ数: 1
[DEBUG] [shopsValidator.php:233] [shopsValidator->commonVali] メッセージ: バリデーション終了。エラー数: 0
[DEBUG] [shopsValidator.php:102] [shopsValidator->commonVali] メッセージ: バリデーション開始。対象データ数: 1
[DEBUG] [shopsValidator.php:233] [shopsValidator->commonVali] メッセージ: バリデーション終了。エラー数: 0
[DEBUG] [shopsValidator.php:102] [shopsValidator->commonVali] メッセージ: バリデーション開始。対象データ数: 1
[DEBUG] [shopsValidator.php:233] [shopsValidator->commonVali] メッセージ: バリデーション終了。エラー数: 0
[DEBUG] [shopsValidator.php:102] [shopsValidator->commonVali] メッセージ: バリデーション開始。対象データ数: 1
[DEBUG] [shopsValidator.php:233] [shopsValidator->commonVali] メッセージ: バリデーション終了。エラー数: 0
[DEBUG] [shopsValidator.php:102] [shopsValidator->commonVali] メッセージ: バリデーション開始。対象データ数: 1
[DEBUG] [shopsValidator.php:233] [shopsValidator->commonVali] メッセージ: バリデーション終了。エラー数: 0
[DEBUG] [shopsValidator.php:102] [shopsValidator->commonVali] メッセージ: バリデーション開始。対象データ数: 1
[DEBUG] [shopsValidator.php:233] [shopsValidator->commonVali] メッセージ: バリデーション終了。エラー数: 0
[DEBUG] [shopsValidator.php:102] [shopsValidator->commonVali] メッセージ: バリデーション開始。対象データ数: 1
[DEBUG] [shopsValidator.php:233] [shopsValidator->commonVali] メッセージ: バリデーション終了。エラー数: 0
[DEBUG] [shopsValidator.php:102] [shopsValidator->commonVali] メッセージ: バリデーション開始。対象データ数: 1
[DEBUG] [shopsValidator.php:233] [shopsValidator->commonVali] メッセージ: バリデーション終了。エラー数: 0
[DEBUG] [shopsValidator.php:102] [shopsValidator->commonVali] メッセージ: バリデーション開始。対象データ数: 1
[DEBUG] [shopsValidator.php:233] [shopsValidator->commonVali] メッセージ: バリデーション終了。エラー数: 0
[DEBUG] [shopsValidator.php:102] [shopsValidator->commonVali] メッセージ: バリデーション開始。対象データ数: 1
[DEBUG] [shopsValidator.php:233] [shopsValidator->commonVali] メッセージ: バリデーション終了。エラー数: 0
[DEBUG] [shopsValidator.php:102] [shopsValidator->commonVali] メッセージ: バリデーション開始。対象データ数: 1
[DEBUG] [shopsValidator.php:233] [shopsValidator->commonVali] メッセージ: バリデーション終了。エラー数: 0
[DEBUG] [shopsValidator.php:102] [shopsValidator->commonVali] メッセージ: バリデーション開始。対象データ数: 1
[DEBUG] [shopsValidator.php:233] [shopsValidator->commonVali] メッセージ: バリデーション終了。エラー数: 0
[DEBUG] [shopsValidator.php:102] [shopsValidator->commonVali] メッセージ: バリデーション開始。対象データ数: 1
[DEBUG] [shopsValidator.php:233] [shopsValidator->commonVali] メッセージ: バリデーション終了。エラー数: 0
[DEBUG] [shopsValidator.php:102] [shopsValidator->commonVali] メッセージ: バリデーション開始。対象データ数: 1
[DEBUG] [shopsValidator.php:233] [shopsValidator->commonVali] メッセージ: バリデーション終了。エラー数: 0
[DEBUG] [shopsValidator.php:102] [shopsValidator->commonVali] メッセージ: バリデーション開始。対象データ数: 1
[DEBUG] [shopsValidator.php:233] [shopsValidator->commonVali] メッセージ: バリデーション終了。エラー数: 0
[DEBUG] [shopsValidator.php:102] [shopsValidator->commonVali] メッセージ: バリデーション開始。対象データ数: 1
[DEBUG] [shopsValidator.php:233] [shopsValidator->commonVali] メッセージ: バリデーション終了。エラー数: 0
[DEBUG] [shopsValidator.php:102] [shopsValidator->commonVali] メッセージ: バリデーション開始。対象データ数: 1
[DEBUG] [shopsValidator.php:233] [shopsValidator->commonVali] メッセージ: バリデーション終了。エラー数: 0
[DEBUG] [shopsValidator.php:102] [shopsValidator->commonVali] メッセージ: バリデーション開始。対象データ数: 1
[DEBUG] [shopsValidator.php:233] [shopsValidator->commonVali] メッセージ: バリデーション終了。エラー数: 0
[DEBUG] [shopsValidator.php:102] [shopsValidator->commonVali] メッセージ: バリデーション開始。対象データ数: 1
[DEBUG] [shopsValidator.php:233] [shopsValidator->commonVali] メッセージ: バリデーション終了。エラー数: 0
[DEBUG] [shopsValidator.php:102] [shopsValidator->commonVali] メッセージ: バリデーション開始。対象データ数: 1
[DEBUG] [shopsValidator.php:233] [shopsValidator->commonVali] メッセージ: バリデーション終了。エラー数: 0
[DEBUG] [shopsValidator.php:102] [shopsValidator->commonVali] メッセージ: バリデーション開始。対象データ数: 1
[DEBUG] [shopsValidator.php:233] [shopsValidator->commonVali] メッセージ: バリデーション終了。エラー数: 0
[DEBUG] [shopsValidator.php:102] [shopsValidator->commonVali] メッセージ: バリデーション開始。対象データ数: 1
[DEBUG] [shopsValidator.php:233] [shopsValidator->commonVali] メッセージ: バリデーション終了。エラー数: 0
[DEBUG] [shopsValidator.php:102] [shopsValidator->commonVali] メッセージ: バリデーション開始。対象データ数: 1
[DEBUG] [shopsValidator.php:233] [shopsValidator->commonVali] メッセージ: バリデーション終了。エラー数: 0
[DEBUG] [shopsValidator.php:102] [shopsValidator->commonVali] メッセージ: バリデーション開始。対象データ数: 1
[DEBUG] [shopsValidator.php:233] [shopsValidator->commonVali] メッセージ: バリデーション終了。エラー数: 0
[DEBUG] [shopsValidator.php:102] [shopsValidator->commonVali] メッセージ: バリデーション開始。対象データ数: 1
[DEBUG] [shopsValidator.php:233] [shopsValidator->commonVali] メッセージ: バリデーション終了。エラー数: 0
[DEBUG] [shopsValidator.php:102] [shopsValidator->commonVali] メッセージ: バリデーション開始。対象データ数: 1
[DEBUG] [shopsValidator.php:233] [shopsValidator->commonVali] メッセージ: バリデーション終了。エラー数: 0
[DEBUG] [shopsValidator.php:102] [shopsValidator->commonVali] メッセージ: バリデーション開始。対象データ数: 1
[DEBUG] [shopsValidator.php:233] [shopsValidator->commonVali] メッセージ: バリデーション終了。エラー数: 0
[DEBUG] [shopsValidator.php:102] [shopsValidator->commonVali] メッセージ: バリデーション開始。対象データ数: 1
[DEBUG] [shopsValidator.php:233] [shopsValidator->commonVali] メッセージ: バリデーション終了。エラー数: 0
[DEBUG] [shopsValidator.php:102] [shopsValidator->commonVali] メッセージ: バリデーション開始。対象データ数: 1
[DEBUG] [shopsValidator.php:233] [shopsValidator->commonVali] メッセージ: バリデーション終了。エラー数: 0
[DEBUG] [shopsValidator.php:102] [shopsValidator->commonVali] メッセージ: バリデーション開始。対象データ数: 1
[DEBUG] [shopsValidator.php:233] [shopsValidator->commonVali] メッセージ: バリデーション終了。エラー数: 0
[DEBUG] [shopsValidator.php:102] [shopsValidator->commonVali] メッセージ: バリデーション開始。対象データ数: 1
[DEBUG] [shopsValidator.php:233] [shopsValidator->commonVali] メッセージ: バリデーション終了。エラー数: 0
[DEBUG] [shopsValidator.php:102] [shopsValidator->commonVali] メッセージ: バリデーション開始。対象データ数: 1
[DEBUG] [shopsValidator.php:233] [shopsValidator->commonVali] メッセージ: バリデーション終了。エラー数: 0
[DEBUG] [shopsValidator.php:102] [shopsValidator->commonVali] メッセージ: バリデーション開始。対象データ数: 1
[DEBUG] [shopsValidator.php:233] [shopsValidator->commonVali] メッセージ: バリデーション終了。エラー数: 0
[DEBUG] [shopsValidator.php:102] [shopsValidator->commonVali] メッセージ: バリデーション開始。対象データ数: 1
[DEBUG] [shopsValidator.php:233] [shopsValidator->commonVali] メッセージ: バリデーション終了。エラー数: 0
[DEBUG] [shopsValidator.php:102] [shopsValidator->commonVali] メッセージ: バリデーション開始。対象データ数: 1
[DEBUG] [shopsValidator.php:233] [shopsValidator->commonVali] メッセージ: バリデーション終了。エラー数: 0
[DEBUG] [shopsValidator.php:102] [shopsValidator->commonVali] メッセージ: バリデーション開始。対象データ数: 1
[DEBUG] [shopsValidator.php:233] [shopsValidator->commonVali] メッセージ: バリデーション終了。エラー数: 0
[DEBUG] [shopsValidator.php:102] [shopsValidator->commonVali] メッセージ: バリデーション開始。対象データ数: 1
[DEBUG] [shopsValidator.php:233] [shopsValidator->commonVali] メッセージ: バリデーション終了。エラー数: 0
[DEBUG] [shopsValidator.php:102] [shopsValidator->commonVali] メッセージ: バリデーション開始。対象データ数: 1
[DEBUG] [shopsValidator.php:233] [shopsValidator->commonVali] メッセージ: バリデーション終了。エラー数: 0
[DEBUG] [shopsValidator.php:102] [shopsValidator->commonVali] メッセージ: バリデーション開始。対象データ数: 1
[DEBUG] [shopsValidator.php:233] [shopsValidator->commonVali] メッセージ: バリデーション終了。エラー数: 0
[DEBUG] [shopsValidator.php:102] [shopsValidator->commonVali] メッセージ: バリデーション開始。対象データ数: 1
[DEBUG] [shopsValidator.php:233] [shopsValidator->commonVali] メッセージ: バリデーション終了。エラー数: 0
[DEBUG] [shopsValidator.php:102] [shopsValidator->commonVali] メッセージ: バリデーション開始。対象データ数: 1
[DEBUG] [shopsValidator.php:233] [shopsValidator->commonVali] メッセージ: バリデーション終了。エラー数: 0
[DEBUG] [shopsValidator.php:102] [shopsValidator->commonVali] メッセージ: バリデーション開始。対象データ数: 1
[DEBUG] [shopsValidator.php:233] [shopsValidator->commonVali] メッセージ: バリデーション終了。エラー数: 0
[DEBUG] [shopsValidator.php:102] [shopsValidator->commonVali] メッセージ: バリデーション開始。対象データ数: 1
[DEBUG] [shopsValidator.php:233] [shopsValidator->commonVali] メッセージ: バリデーション終了。エラー数: 0
[DEBUG] [shopsValidator.php:102] [shopsValidator->commonVali] メッセージ: バリデーション開始。対象データ数: 1
[DEBUG] [shopsValidator.php:233] [shopsValidator->commonVali] メッセージ: バリデーション終了。エラー数: 0
[DEBUG] [shopsValidator.php:102] [shopsValidator->commonVali] メッセージ: バリデーション開始。対象データ数: 1
[DEBUG] [shopsValidator.php:233] [shopsValidator->commonVali] メッセージ: バリデーション終了。エラー数: 0
[DEBUG] [shopsValidator.php:102] [shopsValidator->commonVali] メッセージ: バリデーション開始。対象データ数: 1
[DEBUG] [shopsValidator.php:233] [shopsValidator->commonVali] メッセージ: バリデーション終了。エラー数: 0
[DEBUG] [shopsValidator.php:102] [shopsValidator->commonVali] メッセージ: バリデーション開始。対象データ数: 1
[DEBUG] [shopsValidator.php:233] [shopsValidator->commonVali] メッセージ: バリデーション終了。エラー数: 0
[DEBUG] [shopsValidator.php:102] [shopsValidator->commonVali] メッセージ: バリデーション開始。対象データ数: 1
[DEBUG] [shopsValidator.php:233] [shopsValidator->commonVali] メッセージ: バリデーション終了。エラー数: 0
[DEBUG] [shopsValidator.php:102] [shopsValidator->commonVali] メッセージ: バリデーション開始。対象データ数: 1
[DEBUG] [shopsValidator.php:233] [shopsValidator->commonVali] メッセージ: バリデーション終了。エラー数: 0
[DEBUG] [shopsValidator.php:102] [shopsValidator->commonVali] メッセージ: バリデーション開始。対象データ数: 1
[DEBUG] [shopsValidator.php:233] [shopsValidator->commonVali] メッセージ: バリデーション終了。エラー数: 0
[DEBUG] [shopsValidator.php:102] [shopsValidator->commonVali] メッセージ: バリデーション開始。対象データ数: 4
[DEBUG] [shopsValidator.php:233] [shopsValidator->commonVali] メッセージ: バリデーション終了。エラー数: 0
[DEBUG] [shopsValidator.php:102] [shopsValidator->commonVali] メッセージ: バリデーション開始。対象データ数: 4
[DEBUG] [shopsValidator.php:233] [shopsValidator->commonVali] メッセージ: バリデーション終了。エラー数: 0
[DEBUG] [shopsValidator.php:102] [shopsValidator->commonVali] メッセージ: バリデーション開始。対象データ数: 4
[DEBUG] [shopsValidator.php:233] [shopsValidator->commonVali] メッセージ: バリデーション終了。エラー数: 0
[DEBUG] [shopsValidator.php:102] [shopsValidator->commonVali] メッセージ: バリデーション開始。対象データ数: 4
[DEBUG] [shopsValidator.php:233] [shopsValidator->commonVali] メッセージ: バリデーション終了。エラー数: 0
[DEBUG] [shopsValidator.php:102] [shopsValidator->commonVali] メッセージ: バリデーション開始。対象データ数: 4
[DEBUG] [shopsValidator.php:233] [shopsValidator->commonVali] メッセージ: バリデーション終了。エラー数: 0
[DEBUG] [shopsValidator.php:102] [shopsValidator->commonVali] メッセージ: バリデーション開始。対象データ数: 4
[DEBUG] [shopsValidator.php:233] [shopsValidator->commonVali] メッセージ: バリデーション終了。エラー数: 0
[DEBUG] [shopsValidator.php:102] [shopsValidator->commonVali] メッセージ: バリデーション開始。対象データ数: 4
[DEBUG] [shopsValidator.php:233] [shopsValidator->commonVali] メッセージ: バリデーション終了。エラー数: 0
[DEBUG] [shopsValidator.php:102] [shopsValidator->commonVali] メッセージ: バリデーション開始。対象データ数: 4
[DEBUG] [shopsValidator.php:233] [shopsValidator->commonVali] メッセージ: バリデーション終了。エラー数: 0
[DEBUG] [shopsValidator.php:102] [shopsValidator->commonVali] メッセージ: バリデーション開始。対象データ数: 4
[DEBUG] [shopsValidator.php:233] [shopsValidator->commonVali] メッセージ: バリデーション終了。エラー数: 0
[DEBUG] [shopsValidator.php:102] [shopsValidator->commonVali] メッセージ: バリデーション開始。対象データ数: 4
[DEBUG] [shopsValidator.php:233] [shopsValidator->commonVali] メッセージ: バリデーション終了。エラー数: 0
[DEBUG] [shopsValidator.php:102] [shopsValidator->commonVali] メッセージ: バリデーション開始。対象データ数: 4
[DEBUG] [shopsValidator.php:233] [shopsValidator->commonVali] メッセージ: バリデーション終了。エラー数: 0
[DEBUG] [shopsValidator.php:102] [shopsValidator->commonVali] メッセージ: バリデーション開始。対象データ数: 4
[DEBUG] [shopsValidator.php:233] [shopsValidator->commonVali] メッセージ: バリデーション終了。エラー数: 0
[DEBUG] [shopsValidator.php:102] [shopsValidator->commonVali] メッセージ: バリデーション開始。対象データ数: 4
[DEBUG] [shopsValidator.php:233] [shopsValidator->commonVali] メッセージ: バリデーション終了。エラー数: 0
[DEBUG] [shopsValidator.php:102] [shopsValidator->commonVali] メッセージ: バリデーション開始。対象データ数: 4
[DEBUG] [shopsValidator.php:233] [shopsValidator->commonVali] メッセージ: バリデーション終了。エラー数: 0
[DEBUG] [shopsValidator.php:102] [shopsValidator->commonVali] メッセージ: バリデーション開始。対象データ数: 4
[DEBUG] [shopsValidator.php:233] [shopsValidator->commonVali] メッセージ: バリデーション終了。エラー数: 0
[DEBUG] [shopsValidator.php:102] [shopsValidator->commonVali] メッセージ: バリデーション開始。対象データ数: 4
[DEBUG] [shopsValidator.php:233] [shopsValidator->commonVali] メッセージ: バリデーション終了。エラー数: 0
[DEBUG] [shopsValidator.php:102] [shopsValidator->commonVali] メッセージ: バリデーション開始。対象データ数: 4
[DEBUG] [shopsValidator.php:233] [shopsValidator->commonVali] メッセージ: バリデーション終了。エラー数: 0
[DEBUG] [shopsValidator.php:102] [shopsValidator->commonVali] メッセージ: バリデーション開始。対象データ数: 4
[DEBUG] [shopsValidator.php:233] [shopsValidator->commonVali] メッセージ: バリデーション終了。エラー数: 0
[DEBUG] [shopsValidator.php:102] [shopsValidator->commonVali] メッセージ: バリデーション開始。対象データ数: 4
[DEBUG] [shopsValidator.php:233] [shopsValidator->commonVali] メッセージ: バリデーション終了。エラー数: 0
[DEBUG] [shopsValidator.php:102] [shopsValidator->commonVali] メッセージ: バリデーション開始。対象データ数: 4
[DEBUG] [shopsValidator.php:233] [shopsValidator->commonVali] メッセージ: バリデーション終了。エラー数: 0
[DEBUG] [shopsValidator.php:102] [shopsValidator->commonVali] メッセージ: バリデーション開始。対象データ数: 4
[DEBUG] [shopsValidator.php:233] [shopsValidator->commonVali] メッセージ: バリデーション終了。エラー数: 0
[DEBUG] [shopsValidator.php:102] [shopsValidator->commonVali] メッセージ: バリデーション開始。対象データ数: 4
[DEBUG] [shopsValidator.php:233] [shopsValidator->commonVali] メッセージ: バリデーション終了。エラー数: 0
[DEBUG] [shopsValidator.php:102] [shopsValidator->commonVali] メッセージ: バリデーション開始。対象データ数: 4
[DEBUG] [shopsValidator.php:233] [shopsValidator->commonVali] メッセージ: バリデーション終了。エラー数: 0
[DEBUG] [shopsValidator.php:102] [shopsValidator->commonVali] メッセージ: バリデーション開始。対象データ数: 4
[DEBUG] [shopsValidator.php:233] [shopsValidator->commonVali] メッセージ: バリデーション終了。エラー数: 0
[DEBUG] [shopsValidator.php:102] [shopsValidator->commonVali] メッセージ: バリデーション開始。対象データ数: 4
[DEBUG] [shopsValidator.php:233] [shopsValidator->commonVali] メッセージ: バリデーション終了。エラー数: 0
[DEBUG] [shopsValidator.php:102] [shopsValidator->commonVali] メッセージ: バリデーション開始。対象データ数: 4
[DEBUG] [shopsValidator.php:233] [shopsValidator->commonVali] メッセージ: バリデーション終了。エラー数: 0
[DEBUG] [shopsValidator.php:102] [shopsValidator->commonVali] メッセージ: バリデーション開始。対象データ数: 4
[DEBUG] [shopsValidator.php:233] [shopsValidator->commonVali] メッセージ: バリデーション終了。エラー数: 0
[DEBUG] [shopsValidator.php:102] [shopsValidator->commonVali] メッセージ: バリデーション開始。対象データ数: 4
[DEBUG] [shopsValidator.php:233] [shopsValidator->commonVali] メッセージ: バリデーション終了。エラー数: 0
[DEBUG] [shopsValidator.php:102] [shopsValidator->commonVali] メッセージ: バリデーション開始。対象データ数: 4
[DEBUG] [shopsValidator.php:233] [shopsValidator->commonVali] メッセージ: バリデーション終了。エラー数: 0
[DEBUG] [shopsValidator.php:102] [shopsValidator->commonVali] メッセージ: バリデーション開始。対象データ数: 4
[DEBUG] [shopsValidator.php:233] [shopsValidator->commonVali] メッセージ: バリデーション終了。エラー数: 0
[DEBUG] [shopsValidator.php:102] [shopsValidator->commonVali] メッセージ: バリデーション開始。対象データ数: 4
[DEBUG] [shopsValidator.php:233] [shopsValidator->commonVali] メッセージ: バリデーション終了。エラー数: 0
[DEBUG] [shopsValidator.php:102] [shopsValidator->commonVali] メッセージ: バリデーション開始。対象データ数: 4
[DEBUG] [shopsValidator.php:233] [shopsValidator->commonVali] メッセージ: バリデーション終了。エラー数: 0
[DEBUG] [shopsValidator.php:102] [shopsValidator->commonVali] メッセージ: バリデーション開始。対象データ数: 4
[DEBUG] [shopsValidator.php:233] [shopsValidator->commonVali] メッセージ: バリデーション終了。エラー数: 0
[DEBUG] [shopsValidator.php:102] [shopsValidator->commonVali] メッセージ: バリデーション開始。対象データ数: 4
[DEBUG] [shopsValidator.php:233] [shopsValidator->commonVali] メッセージ: バリデーション終了。エラー数: 0
[DEBUG] [shopsValidator.php:102] [shopsValidator->commonVali] メッセージ: バリデーション開始。対象データ数: 4
[DEBUG] [shopsValidator.php:233] [shopsValidator->commonVali] メッセージ: バリデーション終了。エラー数: 0
[DEBUG] [shopsValidator.php:102] [shopsValidator->commonVali] メッセージ: バリデーション開始。対象データ数: 4
[DEBUG] [shopsValidator.php:233] [shopsValidator->commonVali] メッセージ: バリデーション終了。エラー数: 0
[DEBUG] [shopsValidator.php:33] [shopsValidator->newRegister] メッセージ: バリデーション開始。対象データ数: 4
[DEBUG] [shopsValidator.php:89] [shopsValidator->newRegister] メッセージ: バリデーション終了。エラー数: 1
[DEBUG] [shopsValidator.php:33] [shopsValidator->newRegister] メッセージ: バリデーション開始。対象データ数: 4
[DEBUG] [shopsValidator.php:89] [shopsValidator->newRegister] メッセージ: バリデーション終了。エラー数: 0
[DEBUG] [shopsValidator.php:33] [shopsValidator->newRegister] メッセージ: バリデーション開始。対象データ数: 5
[DEBUG] [shopsValidator.php:89] [shopsValidator->newRegister] メッセージ: バリデーション終了。エラー数: 2
[DEBUG] [shopsValidator.php:33] [shopsValidator->newRegister] メッセージ: バリデーション開始。対象データ数: 5
[DEBUG] [shopsValidator.php:89] [shopsValidator->newRegister] メッセージ: バリデーション終了。エラー数: 2
[DEBUG] [shopsValidator.php:33] [shopsValidator->newRegister] メッセージ: バリデーション開始。対象データ数: 4
[DEBUG] [shopsValidator.php:89] [shopsValidator->newRegister] メッセージ: バリデーション終了。エラー数: 0
[DEBUG] [shopsValidator.php:102] [shopsValidator->commonVali] メッセージ: バリデーション開始。対象データ数: 4
[DEBUG] [shopsValidator.php:233] [shopsValidator->commonVali] メッセージ: バリデーション終了。エラー数: 0
[DEBUG] [shopsValidator.php:102] [shopsValidator->commonVali] メッセージ: バリデーション開始。対象データ数: 4
[DEBUG] [shopsValidator.php:233] [shopsValidator->commonVali] メッセージ: バリデーション終了。エラー数: 0
[DEBUG] [shopsValidator.php:33] [shopsValidator->newRegister] メッセージ: バリデーション開始。対象データ数: 4
[DEBUG] [shopsValidator.php:89] [shopsValidator->newRegister] メッセージ: バリデーション終了。エラー数: 0
[DEBUG] [shopsValidator.php:102] [shopsValidator->commonVali] メッセージ: バリデーション開始。対象データ数: 5
[DEBUG] [shopsValidator.php:233] [shopsValidator->commonVali] メッセージ: バリデーション終了。エラー数: 0
[DEBUG] [shopsValidator.php:102] [shopsValidator->commonVali] メッセージ: バリデーション開始。対象データ数: 5
[DEBUG] [shopsValidator.php:233] [shopsValidator->commonVali] メッセージ: バリデーション終了。エラー数: 0
[DEBUG] [shopsValidator.php:102] [shopsValidator->commonVali] メッセージ: バリデーション開始。対象データ数: 5
[DEBUG] [shopsValidator.php:233] [shopsValidator->commonVali] メッセージ: バリデーション終了。エラー数: 0
[DEBUG] [shopsValidator.php:102] [shopsValidator->commonVali] メッセージ: バリデーション開始。対象データ数: 5
[DEBUG] [shopsValidator.php:233] [shopsValidator->commonVali] メッセージ: バリデーション終了。エラー数: 0
[DEBUG] [shopsValidator.php:102] [shopsValidator->commonVali] メッセージ: バリデーション開始。対象データ数: 5
[DEBUG] [shopsValidator.php:233] [shopsValidator->commonVali] メッセージ: バリデーション終了。エラー数: 0
[DEBUG] [shopsValidator.php:102] [shopsValidator->commonVali] メッセージ: バリデーション開始。対象データ数: 5
[DEBUG] [shopsValidator.php:233] [shopsValidator->commonVali] メッセージ: バリデーション終了。エラー数: 0
[DEBUG] [shopsValidator.php:102] [shopsValidator->commonVali] メッセージ: バリデーション開始。対象データ数: 5
[DEBUG] [shopsValidator.php:233] [shopsValidator->commonVali] メッセージ: バリデーション終了。エラー数: 0
[DEBUG] [shopsValidator.php:102] [shopsValidator->commonVali] メッセージ: バリデーション開始。対象データ数: 5
[DEBUG] [shopsValidator.php:233] [shopsValidator->commonVali] メッセージ: バリデーション終了。エラー数: 0
[DEBUG] [shopsValidator.php:102] [shopsValidator->commonVali] メッセージ: バリデーション開始。対象データ数: 5
[DEBUG] [shopsValidator.php:233] [shopsValidator->commonVali] メッセージ: バリデーション終了。エラー数: 0
[DEBUG] [shopsValidator.php:102] [shopsValidator->commonVali] メッセージ: バリデーション開始。対象データ数: 5
[DEBUG] [shopsValidator.php:233] [shopsValidator->commonVali] メッセージ: バリデーション終了。エラー数: 0
[DEBUG] [shopsValidator.php:102] [shopsValidator->commonVali] メッセージ: バリデーション開始。対象データ数: 5
[DEBUG] [shopsValidator.php:233] [shopsValidator->commonVali] メッセージ: バリデーション終了。エラー数: 1
[DEBUG] [shopsValidator.php:102] [shopsValidator->commonVali] メッセージ: バリデーション開始。対象データ数: 5
[DEBUG] [shopsValidator.php:233] [shopsValidator->commonVali] メッセージ: バリデーション終了。エラー数: 0
[DEBUG] [shopsValidator.php:102] [shopsValidator->commonVali] メッセージ: バリデーション開始。対象データ数: 5
[DEBUG] [shopsValidator.php:233] [shopsValidator->commonVali] メッセージ: バリデーション終了。エラー数: 0
[DEBUG] [shopsValidator.php:102] [shopsValidator->commonVali] メッセージ: バリデーション開始。対象データ数: 5
[DEBUG] [shopsValidator.php:233] [shopsValidator->commonVali] メッセージ: バリデーション終了。エラー数: 0
[DEBUG] [shopsValidator.php:102] [shopsValidator->commonVali] メッセージ: バリデーション開始。対象データ数: 5
[DEBUG] [shopsValidator.php:233] [shopsValidator->commonVali] メッセージ: バリデーション終了。エラー数: 0
[DEBUG] [shopsValidator.php:102] [shopsValidator->commonVali] メッセージ: バリデーション開始。対象データ数: 5
[DEBUG] [shopsValidator.php:233] [shopsValidator->commonVali] メッセージ: バリデーション終了。エラー数: 0
[DEBUG] [shopsValidator.php:102] [shopsValidator->commonVali] メッセージ: バリデーション開始。対象データ数: 5
[DEBUG] [shopsValidator.php:233] [shopsValidator->commonVali] メッセージ: バリデーション終了。エラー数: 0
[DEBUG] [shopsValidator.php:102] [shopsValidator->commonVali] メッセージ: バリデーション開始。対象データ数: 5
[DEBUG] [shopsValidator.php:233] [shopsValidator->commonVali] メッセージ: バリデーション終了。エラー数: 0
[DEBUG] [shopsValidator.php:102] [shopsValidator->commonVali] メッセージ: バリデーション開始。対象データ数: 5
[DEBUG] [shopsValidator.php:233] [shopsValidator->commonVali] メッセージ: バリデーション終了。エラー数: 0
[DEBUG] [shopsValidator.php:102] [shopsValidator->commonVali] メッセージ: バリデーション開始。対象データ数: 5
[DEBUG] [shopsValidator.php:233] [shopsValidator->commonVali] メッセージ: バリデーション終了。エラー数: 0
[DEBUG] [shopsValidator.php:102] [shopsValidator->commonVali] メッセージ: バリデーション開始。対象データ数: 5
[DEBUG] [shopsValidator.php:233] [shopsValidator->commonVali] メッセージ: バリデーション終了。エラー数: 0
[DEBUG] [shopsValidator.php:102] [shopsValidator->commonVali] メッセージ: バリデーション開始。対象データ数: 5
[DEBUG] [shopsValidator.php:233] [shopsValidator->commonVali] メッセージ: バリデーション終了。エラー数: 0
[DEBUG] [shopsValidator.php:102] [shopsValidator->commonVali] メッセージ: バリデーション開始。対象データ数: 5
[DEBUG] [shopsValidator.php:233] [shopsValidator->commonVali] メッセージ: バリデーション終了。エラー数: 0
[DEBUG] [shopsValidator.php:102] [shopsValidator->commonVali] メッセージ: バリデーション開始。対象データ数: 5
[DEBUG] [shopsValidator.php:233] [shopsValidator->commonVali] メッセージ: バリデーション終了。エラー数: 0
[DEBUG] [shopsValidator.php:102] [shopsValidator->commonVali] メッセージ: バリデーション開始。対象データ数: 5
[DEBUG] [shopsValidator.php:233] [shopsValidator->commonVali] メッセージ: バリデーション終了。エラー数: 0
[DEBUG] [shopsValidator.php:102] [shopsValidator->commonVali] メッセージ: バリデーション開始。対象データ数: 5
[DEBUG] [shopsValidator.php:233] [shopsValidator->commonVali] メッセージ: バリデーション終了。エラー数: 0
[DEBUG] [shopsValidator.php:102] [shopsValidator->commonVali] メッセージ: バリデーション開始。対象データ数: 5
[DEBUG] [shopsValidator.php:233] [shopsValidator->commonVali] メッセージ: バリデーション終了。エラー数: 0
[DEBUG] [accountsValidator.php:25] [accountsValidator->accountsVali] メッセージ: バリデーション開始。対象データ数: 1
[DEBUG] [accountsValidator.php:25] [accountsValidator->accountsVali] メッセージ: バリデーション開始。対象データ数: 1
[DEBUG] [accountsValidator.php:25] [accountsValidator->accountsVali] メッセージ: バリデーション開始。対象データ数: 1
[DEBUG] [accountsValidator.php:25] [accountsValidator->accountsVali] メッセージ: バリデーション開始。対象データ数: 1
[DEBUG] [accountsValidator.php:25] [accountsValidator->accountsVali] メッセージ: バリデーション開始。対象データ数: 1
[DEBUG] [accountsValidator.php:25] [accountsValidator->accountsVali] メッセージ: バリデーション開始。対象データ数: 1
[DEBUG] [accountsValidator.php:25] [accountsValidator->accountsVali] メッセージ: バリデーション開始。対象データ数: 1
[DEBUG] [accountsValidator.php:171] [accountsValidator->accountsVali] メッセージ: バリデーション終了。エラー数: 1
[DEBUG] [accountsValidator.php:25] [accountsValidator->accountsVali] メッセージ: バリデーション開始。対象データ数: 1
[DEBUG] [accountsValidator.php:171] [accountsValidator->accountsVali] メッセージ: バリデーション終了。エラー数: 0
[DEBUG] [accountsValidator.php:25] [accountsValidator->accountsVali] メッセージ: バリデーション開始。対象データ数: 1
[DEBUG] [accountsValidator.php:171] [accountsValidator->accountsVali] メッセージ: バリデーション終了。エラー数: 1
[DEBUG] [accountsValidator.php:25] [accountsValidator->accountsVali] メッセージ: バリデーション開始。対象データ数: 29
[DEBUG] [accountsValidator.php:172] [accountsValidator->accountsVali] メッセージ: バリデーション終了。エラー数: 0
[DEBUG] [accountsValidator.php:25] [accountsValidator->accountsVali] メッセージ: バリデーション開始。対象データ数: 29
[DEBUG] [accountsValidator.php:172] [accountsValidator->accountsVali] メッセージ: バリデーション終了。エラー数: 0
